Product: MDK-ARM Professional 5.10
Component: ARM Compiler 5.04 update 1 (build 49)
Tool: armlink [5040049]

==============================================================================

Section Cross References

    stm32f1xx_hal.o(.text) refers to stm32f1xx_hal_rcc.o(.text) for HAL_RCC_GetHCLKFreq
    stm32f1xx_hal.o(.text) refers to stm32f1xx_hal_cortex.o(.text) for HAL_SYSTICK_Config
    stm32f1xx_hal.o(.text) refers to stm32f1xx_hal_msp.o(.text) for HAL_MspInit
    stm32f1xx_hal.o(.text) refers to stm32f1xx_hal.o(.data) for .data
    stm32f1xx_hal_adc.o(.text) refers to stm32f1xx_hal.o(.text) for HAL_GetTick
    stm32f1xx_hal_adc.o(.text) refers to stm32f1xx_hal_msp.o(.text) for HAL_ADC_MspInit
    stm32f1xx_hal_adc.o(.text) refers to stm32f1xx_hal_rcc_ex.o(.text) for HAL_RCCEx_GetPeriphCLKFreq
    stm32f1xx_hal_adc.o(.text) refers to system_stm32f1xx.o(.data) for SystemCoreClock
    stm32f1xx_hal_adc.o(.text) refers to stm32f1xx_hal_dma.o(.text) for HAL_DMA_Start_IT
    stm32f1xx_hal_adc.o(.text) refers to stm32f1xx_hal_adc_ex.o(.text) for HAL_ADCEx_InjectedConvCpltCallback
    stm32f1xx_hal_adc_ex.o(.text) refers to stm32f1xx_hal_adc.o(.text) for ADC_ConversionStop_Disable
    stm32f1xx_hal_adc_ex.o(.text) refers to stm32f1xx_hal_rcc_ex.o(.text) for HAL_RCCEx_GetPeriphCLKFreq
    stm32f1xx_hal_adc_ex.o(.text) refers to stm32f1xx_hal.o(.text) for HAL_GetTick
    stm32f1xx_hal_adc_ex.o(.text) refers to system_stm32f1xx.o(.data) for SystemCoreClock
    stm32f1xx_hal_adc_ex.o(.text) refers to stm32f1xx_hal_dma.o(.text) for HAL_DMA_Start_IT
    stm32f1xx_hal_dma.o(.text) refers to stm32f1xx_hal.o(.text) for HAL_GetTick
    stm32f1xx_hal_flash.o(.text) refers to stm32f1xx_hal.o(.text) for HAL_GetTick
    stm32f1xx_hal_flash.o(.text) refers to llushr.o(.text) for __aeabi_llsr
    stm32f1xx_hal_flash.o(.text) refers to stm32f1xx_hal_flash_ex.o(.text) for FLASH_PageErase
    stm32f1xx_hal_flash.o(.text) refers to stm32f1xx_hal_cortex.o(.text) for HAL_NVIC_SystemReset
    stm32f1xx_hal_flash.o(.text) refers to stm32f1xx_hal_flash.o(.bss) for .bss
    stm32f1xx_hal_flash_ex.o(.text) refers to stm32f1xx_hal_flash.o(.text) for FLASH_WaitForLastOperation
    stm32f1xx_hal_flash_ex.o(.text) refers to stm32f1xx_hal_flash.o(.bss) for pFlash
    stm32f1xx_hal_rcc.o(.text) refers to stm32f1xx_hal.o(.text) for HAL_GetTick
    stm32f1xx_hal_rcc.o(.text) refers to system_stm32f1xx.o(.data) for SystemCoreClock
    stm32f1xx_hal_rcc.o(.text) refers to stm32f1xx_hal_gpio.o(.text) for HAL_GPIO_Init
    stm32f1xx_hal_rcc.o(.text) refers to system_stm32f1xx.o(.constdata) for AHBPrescTable
    stm32f1xx_hal_rcc.o(.text) refers to system_stm32f1xx.o(.constdata) for APBPrescTable
    stm32f1xx_hal_rcc_ex.o(.text) refers to stm32f1xx_hal.o(.text) for HAL_GetTick
    stm32f1xx_hal_rcc_ex.o(.text) refers to stm32f1xx_hal_rcc.o(.text) for HAL_RCC_GetPCLK2Freq
    stm32f1xx_hal_spi.o(.text) refers to stm32f1xx_hal_msp.o(.text) for HAL_SPI_MspInit
    stm32f1xx_hal_spi.o(.text) refers to stm32f1xx_hal.o(.text) for HAL_GetTick
    stm32f1xx_hal_spi.o(.text) refers to stm32f1xx_hal_spi_ex.o(.text) for SPI_ISCRCErrorValid
    stm32f1xx_hal_spi.o(.text) refers to stm32f1xx_hal_dma.o(.text) for HAL_DMA_Start_IT
    stm32f1xx_hal_spi_ex.o(.text) refers to stm32f1xx_hal_msp.o(.text) for HAL_SPI_MspInit
    stm32f1xx_hal_spi_ex.o(.text) refers to stm32f1xx_hal_spi_ex.o(.data) for .data
    stm32f1xx_hal_tim.o(.text) refers to stm32f1xx_hal_msp.o(.text) for HAL_TIM_Base_MspInit
    stm32f1xx_hal_tim.o(.text) refers to stm32f1xx_hal_dma.o(.text) for HAL_DMA_Start_IT
    stm32f1xx_hal_tim.o(.text) refers to stm32f1xx_hal_tim_ex.o(.text) for HAL_TIMEx_BreakCallback
    stm32f1xx_hal_tim_ex.o(.text) refers to stm32f1xx_hal_tim.o(.text) for TIM_Base_SetConfig
    stm32f1xx_hal_tim_ex.o(.text) refers to stm32f1xx_hal_dma.o(.text) for HAL_DMA_Start_IT
    stm32f1xx_hal_uart.o(.text) refers to stm32f1xx_hal_rcc.o(.text) for HAL_RCC_GetPCLK2Freq
    stm32f1xx_hal_uart.o(.text) refers to stm32f1xx_hal_msp.o(.text) for HAL_UART_MspInit
    stm32f1xx_hal_uart.o(.text) refers to stm32f1xx_hal.o(.text) for HAL_GetTick
    stm32f1xx_hal_uart.o(.text) refers to stm32f1xx_hal_dma.o(.text) for HAL_DMA_Start_IT
    hmc5883l.o(.text) refers to i2.o(.text) for IIC_Read_Reg_Len
    hmc5883l.o(.text) refers to delay.o(.text) for delay_ms
    hmc5883l.o(.text) refers to fflt_clz.o(x$fpl$fflt) for __aeabi_i2f
    hmc5883l.o(.text) refers to fdiv.o(x$fpl$fdiv) for __aeabi_fdiv
    hmc5883l.o(.text) refers to hmc5883l.o(.data) for .data
    i2.o(.text) refers to stm32f1xx_hal_gpio.o(.text) for HAL_GPIO_Init
    mpu6050.o(.text) refers to i2.o(.text) for IIC_Read_Reg_Len
    mpu6050.o(.text) refers to delay.o(.text) for delay_ms
    mpu6050.o(.text) refers to dflt_clz.o(x$fpl$dflt) for __aeabi_i2d
    mpu6050.o(.text) refers to ddiv.o(x$fpl$ddiv) for __aeabi_ddiv
[...]
    HAL_TIM_OnePulse_MspInit                 0x08004c99   Thumb Code     2  stm32f1xx_hal_tim.o(.text)
    HAL_TIM_OnePulse_Init                    0x08004c9b   Thumb Code    74  stm32f1xx_hal_tim.o(.text)
    HAL_TIM_OnePulse_MspDeInit               0x08004ce5   Thumb Code     2  stm32f1xx_hal_tim.o(.text)
    HAL_TIM_OnePulse_DeInit                  0x08004ce7   Thumb Code    56  stm32f1xx_hal_tim.o(.text)
    HAL_TIM_OnePulse_Start                   0x08004d1f   Thumb Code    44  stm32f1xx_hal_tim.o(.text)
    HAL_TIM_OnePulse_Stop                    0x08004d4b   Thumb Code    84  stm32f1xx_hal_tim.o(.text)
    HAL_TIM_OnePulse_Start_IT                0x08004d9f   Thumb Code    64  stm32f1xx_hal_tim.o(.text)
    HAL_TIM_OnePulse_Stop_IT                 0x08004ddf   Thumb Code   104  stm32f1xx_hal_tim.o(.text)
    HAL_TIM_Encoder_MspInit                  0x08004e47   Thumb Code     2  stm32f1xx_hal_tim.o(.text)
    HAL_TIM_Encoder_Init                     0x08004e49   Thumb Code   150  stm32f1xx_hal_tim.o(.text)
    HAL_TIM_Encoder_MspDeInit                0x08004edf   Thumb Code     2  stm32f1xx_hal_tim.o(.text)
    HAL_TIM_Encoder_DeInit                   0x08004ee1   Thumb Code    56  stm32f1xx_hal_tim.o(.text)
    HAL_TIM_Encoder_Start                    0x08004f19   Thumb Code    50  stm32f1xx_hal_tim.o(.text)
    HAL_TIM_Encoder_Stop                     0x08004f4b   Thumb Code    68  stm32f1xx_hal_tim.o(.text)
    HAL_TIM_Encoder_Start_IT                 0x08004f8f   Thumb Code    92  stm32f1xx_hal_tim.o(.text)
    HAL_TIM_Encoder_Stop_IT                  0x08004feb   Thumb Code   116  stm32f1xx_hal_tim.o(.text)
    HAL_TIM_Encoder_Start_DMA                0x0800505f   Thumb Code   272  stm32f1xx_hal_tim.o(.text)
    HAL_TIM_Encoder_Stop_DMA                 0x0800516f   Thumb Code   116  stm32f1xx_hal_tim.o(.text)
    HAL_TIM_TriggerCallback                  0x080051e3   Thumb Code     2  stm32f1xx_hal_tim.o(.text)
    HAL_TIM_OC_DelayElapsedCallback          0x080051e5   Thumb Code     2  stm32f1xx_hal_tim.o(.text)
    HAL_TIM_IRQHandler                       0x080051e7   Thumb Code   358  stm32f1xx_hal_tim.o(.text)
    TIM_OC2_SetConfig                        0x080053e1   Thumb Code    86  stm32f1xx_hal_tim.o(.text)
    HAL_TIM_OC_ConfigChannel                 0x08005489   Thumb Code    86  stm32f1xx_hal_tim.o(.text)
    TIM_TI1_SetConfig                        0x08005515   Thumb Code    76  stm32f1xx_hal_tim.o(.text)
    HAL_TIM_IC_ConfigChannel                 0x08005561   Thumb Code   282  stm32f1xx_hal_tim.o(.text)
    HAL_TIM_PWM_ConfigChannel                0x0800567b   Thumb Code   208  stm32f1xx_hal_tim.o(.text)
    HAL_TIM_OnePulse_ConfigChannel           0x0800574b   Thumb Code   234  stm32f1xx_hal_tim.o(.text)
    HAL_TIM_DMABurst_WriteStart              0x08005845   Thumb Code   238  stm32f1xx_hal_tim.o(.text)
    HAL_TIM_DMABurst_WriteStop               0x08005933   Thumb Code    96  stm32f1xx_hal_tim.o(.text)
    HAL_TIM_DMABurst_ReadStart               0x08005993   Thumb Code   240  stm32f1xx_hal_tim.o(.text)
    HAL_TIM_DMABurst_ReadStop                0x08005a83   Thumb Code    96  stm32f1xx_hal_tim.o(.text)
    HAL_TIM_GenerateEvent                    0x08005ae3   Thumb Code    38  stm32f1xx_hal_tim.o(.text)
    HAL_TIM_ConfigOCrefClear                 0x08005b09   Thumb Code   190  stm32f1xx_hal_tim.o(.text)
    HAL_TIM_ConfigClockSource                0x08005bc7   Thumb Code   260  stm32f1xx_hal_tim.o(.text)
    HAL_TIM_ConfigTI1Input                   0x08005ccb   Thumb Code    16  stm32f1xx_hal_tim.o(.text)
    HAL_TIM_SlaveConfigSynchronization       0x08005d57   Thumb Code    66  stm32f1xx_hal_tim.o(.text)
    HAL_TIM_SlaveConfigSynchronization_IT    0x08005d99   Thumb Code    66  stm32f1xx_hal_tim.o(.text)
    HAL_TIM_ReadCapturedValue                0x08005ddb   Thumb Code    68  stm32f1xx_hal_tim.o(.text)
    HAL_TIM_Base_GetState                    0x08005e1f   Thumb Code     6  stm32f1xx_hal_tim.o(.text)
    HAL_TIM_OC_GetState                      0x08005e25   Thumb Code     6  stm32f1xx_hal_tim.o(.text)
    HAL_TIM_PWM_GetState                     0x08005e2b   Thumb Code     6  stm32f1xx_hal_tim.o(.text)
    HAL_TIM_IC_GetState                      0x08005e31   Thumb Code     6  stm32f1xx_hal_tim.o(.text)
    HAL_TIM_OnePulse_GetState                0x08005e37   Thumb Code     6  stm32f1xx_hal_tim.o(.text)
    HAL_TIM_Encoder_GetState                 0x08005e3d   Thumb Code     6  stm32f1xx_hal_tim.o(.text)
    HAL_TIMEx_HallSensor_MspInit             0x08005ead   Thumb Code     2  stm32f1xx_hal_tim_ex.o(.text)
    HAL_TIMEx_HallSensor_Init                0x08005eaf   Thumb Code   188  stm32f1xx_hal_tim_ex.o(.text)
    HAL_TIMEx_HallSensor_MspDeInit           0x08005f6b   Thumb Code     2  stm32f1xx_hal_tim_ex.o(.text)
    HAL_TIMEx_HallSensor_DeInit              0x08005f6d   Thumb Code    56  stm32f1xx_hal_tim_ex.o(.text)
    HAL_TIMEx_HallSensor_Start               0x08005fa5   Thumb Code    28  stm32f1xx_hal_tim_ex.o(.text)
    HAL_TIMEx_HallSensor_Stop                0x08005fc1   Thumb Code    46  stm32f1xx_hal_tim_ex.o(.text)
    HAL_TIMEx_HallSensor_Start_IT            0x08005fef   Thumb Code    38  stm32f1xx_hal_tim_ex.o(.text)
    HAL_TIMEx_HallSensor_Stop_IT             0x08006015   Thumb Code    56  stm32f1xx_hal_tim_ex.o(.text)
    HAL_TIMEx_HallSensor_Start_DMA           0x0800604d   Thumb Code    96  stm32f1xx_hal_tim_ex.o(.text)
    HAL_TIMEx_HallSensor_Stop_DMA            0x080060ad   Thumb Code    56  stm32f1xx_hal_tim_ex.o(.text)
    HAL_TIMEx_OCN_Start                      0x080060e5   Thumb Code    36  stm32f1xx_hal_tim_ex.o(.text)
    HAL_TIMEx_OCN_Stop                       0x08006109   Thumb Code    68  stm32f1xx_hal_tim_ex.o(.text)
    HAL_TIMEx_OCN_Start_IT                   0x0800614d   Thumb Code    96  stm32f1xx_hal_tim_ex.o(.text)
    HAL_TIMEx_OCN_Stop_IT                    0x080061ad   Thumb Code   134  stm32f1xx_hal_tim_ex.o(.text)
    HAL_TIMEx_OCN_Start_DMA                  0x08006233   Thumb Code   210  stm32f1xx_hal_tim_ex.o(.text)
    HAL_TIMEx_OCN_Stop_DMA                   0x08006305   Thumb Code   124  stm32f1xx_hal_tim_ex.o(.text)
    HAL_TIMEx_PWMN_Start                     0x08006381   Thumb Code    36  stm32f1xx_hal_tim_ex.o(.text)
    HAL_TIMEx_PWMN_Stop                      0x080063a5   Thumb Code    68  stm32f1xx_hal_tim_ex.o(.text)
    HAL_TIMEx_PWMN_Start_IT                  0x080063e9   Thumb Code    96  stm32f1xx_hal_tim_ex.o(.text)
    HAL_TIMEx_PWMN_Stop_IT                   0x08006449   Thumb Code   148  stm32f1xx_hal_tim_ex.o(.text)
    HAL_TIMEx_PWMN_Start_DMA                 0x080064dd   Thumb Code   210  stm32f1xx_hal_tim_ex.o(.text)
    HAL_TIMEx_PWMN_Stop_DMA                  0x080065af   Thumb Code   124  stm32f1xx_hal_tim_ex.o(.text)
    HAL_TIMEx_OnePulseN_Start                0x0800662b   Thumb Code    26  stm32f1xx_hal_tim_ex.o(.text)
    HAL_TIMEx_OnePulseN_Stop                 0x08006645   Thumb Code    68  stm32f1xx_hal_tim_ex.o(.text)
    HAL_TIMEx_OnePulseN_Start_IT             0x08006689   Thumb Code    46  stm32f1xx_hal_tim_ex.o(.text)
    HAL_TIMEx_OnePulseN_Stop_IT              0x080066b7   Thumb Code    88  stm32f1xx_hal_tim_ex.o(.text)
    HAL_TIMEx_ConfigCommutationEvent         0x0800670f   Thumb Code    92  stm32f1xx_hal_tim_ex.o(.text)
    HAL_TIMEx_ConfigCommutationEvent_IT      0x0800676b   Thumb Code   102  stm32f1xx_hal_tim_ex.o(.text)
    HAL_TIMEx_CommutationCallback            0x080067d1   Thumb Code     2  stm32f1xx_hal_tim_ex.o(.text)
    TIMEx_DMACommutationCplt                 0x080067d3   Thumb Code    16  stm32f1xx_hal_tim_ex.o(.text)
    HAL_TIMEx_ConfigCommutationEvent_DMA     0x080067e3   Thumb Code   116  stm32f1xx_hal_tim_ex.o(.text)
    HAL_TIMEx_ConfigBreakDeadTime            0x08006857   Thumb Code    66  stm32f1xx_hal_tim_ex.o(.text)
    HAL_TIMEx_MasterConfigSynchronization    0x08006899   Thumb Code    88  stm32f1xx_hal_tim_ex.o(.text)
    HAL_TIMEx_BreakCallback                  0x080068f1   Thumb Code     2  stm32f1xx_hal_tim_ex.o(.text)
    HAL_TIMEx_HallSensor_GetState            0x080068f3   Thumb Code     6  stm32f1xx_hal_tim_ex.o(.text)
    HAL_UART_Init                            0x08006a7f   Thumb Code    94  stm32f1xx_hal_uart.o(.text)
    HAL_HalfDuplex_Init                      0x08006add   Thumb Code   104  stm32f1xx_hal_uart.o(.text)
    HAL_LIN_Init                             0x08006b45   Thumb Code   118  stm32f1xx_hal_uart.o(.text)
    HAL_MultiProcessor_Init                  0x08006bbb   Thumb Code   124  stm32f1xx_hal_uart.o(.text)
    HAL_UART_DeInit                          0x08006c39   Thumb Code    60  stm32f1xx_hal_uart.o(.text)
    HAL_UART_Transmit                        0x08006d07   Thumb Code   204  stm32f1xx_hal_uart.o(.text)
    HAL_UART_Receive                         0x08006dd3   Thumb Code   200  stm32f1xx_hal_uart.o(.text)
    HAL_UART_Transmit_IT                     0x08006e9b   Thumb Code    84  stm32f1xx_hal_uart.o(.text)
    HAL_UART_Receive_IT                      0x08006eef   Thumb Code   104  stm32f1xx_hal_uart.o(.text)
    HAL_UART_ErrorCallback                   0x08006f57   Thumb Code     2  stm32f1xx_hal_uart.o(.text)
    HAL_UART_TxHalfCpltCallback              0x08006f77   Thumb Code     2  stm32f1xx_hal_uart.o(.text)
    HAL_UART_TxCpltCallback                  0x08006f83   Thumb Code     2  stm32f1xx_hal_uart.o(.text)
    HAL_UART_Transmit_DMA                    0x08006fb3   Thumb Code   132  stm32f1xx_hal_uart.o(.text)
    HAL_UART_RxHalfCpltCallback              0x08007037   Thumb Code     2  stm32f1xx_hal_uart.o(.text)
    HAL_UART_RxCpltCallback                  0x08007043   Thumb Code     2  stm32f1xx_hal_uart.o(.text)
    HAL_UART_Receive_DMA                     0x08007079   Thumb Code   118  stm32f1xx_hal_uart.o(.text)
    HAL_UART_DMAPause                        0x080070ef   Thumb Code    90  stm32f1xx_hal_uart.o(.text)
    HAL_UART_DMAResume                       0x08007149   Thumb Code   104  stm32f1xx_hal_uart.o(.text)
    HAL_UART_DMAStop                         0x080071b1   Thumb Code    40  stm32f1xx_hal_uart.o(.text)
    HAL_UART_IRQHandler                      0x080071d9   Thumb Code   216  stm32f1xx_hal_uart.o(.text)
    HAL_LIN_SendBreak                        0x080072b1   Thumb Code    44  stm32f1xx_hal_uart.o(.text)
    HAL_MultiProcessor_EnterMuteMode         0x080072dd   Thumb Code    44  stm32f1xx_hal_uart.o(.text)
    HAL_MultiProcessor_ExitMuteMode          0x08007309   Thumb Code    44  stm32f1xx_hal_uart.o(.text)
    HAL_HalfDuplex_EnableTransmitter         0x08007335   Thumb Code    48  stm32f1xx_hal_uart.o(.text)
    HAL_HalfDuplex_EnableReceiver            0x08007365   Thumb Code    46  stm32f1xx_hal_uart.o(.text)
    HAL_UART_GetState                        0x08007393   Thumb Code     6  stm32f1xx_hal_uart.o(.text)
    HAL_UART_GetError                        0x08007399   Thumb Code     4  stm32f1xx_hal_uart.o(.text)
    hmc5883lRead                             0x080074c1   Thumb Code    44  hmc5883l.o(.text)
    hmc5883lInit                             0x080074ed   Thumb Code   350  hmc5883l.o(.text)
    hmc5883lDetect                           0x0800764b   Thumb Code    60  hmc5883l.o(.text)
    IIC_Init                                 0x08007699   Thumb Code    36  i2.o(.text)
    IIC_Start                                0x080076bd   Thumb Code    54  i2.o(.text)
    IIC_Stop                                 0x080076f3   Thumb Code    56  i2.o(.text)
    IIC_Wait_Ack                             0x0800772b   Thumb Code    76  i2.o(.text)
    IIC_Ack                                  0x08007777   Thumb Code    54  i2.o(.text)
    IIC_NAck                                 0x080077ad   Thumb Code    54  i2.o(.text)
    IIC_Send_Byte                            0x080077e3   Thumb Code    82  i2.o(.text)
    IIC_Read_Byte                            0x08007835   Thumb Code   100  i2.o(.text)
    IIC_Read_Reg                             0x08007899   Thumb Code    68  i2.o(.text)
    IIC_Write_Reg                            0x080078dd   Thumb Code    64  i2.o(.text)
    IIC_Write_Reg_Len                        0x0800791d   Thumb Code    80  i2.o(.text)
    IIC_Read_Reg_Len                         0x0800796d   Thumb Code   104  i2.o(.text)
    mpuGyroRead                              0x080079ed   Thumb Code    52  mpu6050.o(.text)
    MPU_Write_Byte                           0x08007a21   Thumb Code    60  mpu6050.o(.text)
    MPU_Set_LPF                              0x08007a5d   Thumb Code    46  mpu6050.o(.text)
    MPU_Set_Gyro_Fsr                         0x08007a8b   Thumb Code     8  mpu6050.o(.text)
    MPU_Init_Gyro                            0x08007a93   Thumb Code    84  mpu6050.o(.text)
    MPU_Read_Byte                            0x08007ae7   Thumb Code    58  mpu6050.o(.text)
    MPU6050DetectGyro                        0x08007b21   Thumb Code    38  mpu6050.o(.text)
    mpuAccRead                               0x08007b47   Thumb Code    54  mpu6050.o(.text)
    MPU_Set_Accel_Fsr                        0x08007b7d   Thumb Code     8  mpu6050.o(.text)
    MPU_Init_Acc                             0x08007b85   Thumb Code     4  mpu6050.o(.text)
    MPU6050DetectAcc                         0x08007b89   Thumb Code    22  mpu6050.o(.text)
    MPU6050_Read                             0x08007b9f   Thumb Code    14  mpu6050.o(.text)
    MPU_Set_Rate                             0x08007bad   Thumb Code    44  mpu6050.o(.text)
    MPU_Read_Len                             0x08007bd9   Thumb Code    34  mpu6050.o(.text)
    MPU_Get_Temperature                      0x08007bfb   Thumb Code    60  mpu6050.o(.text)
    MPU_Get_Gyroscope                        0x08007c37   Thumb Code    50  mpu6050.o(.text)
    MPU_Get_Accelerometer                    0x08007c69   Thumb Code    50  mpu6050.o(.text)
    MPU_Write_Len                            0x08007c9b   Thumb Code    82  mpu6050.o(.text)
    MS561101BA_NewTemp                       0x08007d05   Thumb Code    26  ms5611.o(.text)
    MS561101BA_NewPress                      0x08007d1f   Thumb Code    28  ms5611.o(.text)
    MS561101BA_NewAlt                        0x08007d3b   Thumb Code    32  ms5611.o(.text)
    MS561101BA_getAvg                        0x08007d5b   Thumb Code    50  ms5611.o(.text)
    MS561101BA_readPROM                      0x08007d8d   Thumb Code    44  ms5611.o(.text)
    MS561101BA_reset                         0x08007db9   Thumb Code    10  ms5611.o(.text)
    MS561101BA_startConversion               0x08007dc3   Thumb Code    10  ms5611.o(.text)
    MS561101BA_getConversion                 0x08007dcd   Thumb Code    36  ms5611.o(.text)
    MS5611_Init                              0x08007df1   Thumb Code    20  ms5611.o(.text)
    MS561101BA_GetTemperature                0x08007e05   Thumb Code    12  ms5611.o(.text)
    MS561101BA_get_altitude                  0x08007e11   Thumb Code   142  ms5611.o(.text)
    MS561101BA_getPressure                   0x08007e9f   Thumb Code   370  ms5611.o(.text)
    MS5611_Thread                            0x08008011   Thumb Code   120  ms5611.o(.text)
    MS5611_ThreadNew                         0x08008089   Thumb Code   152  ms5611.o(.text)
    WaitBaroInitOffset                       0x08008121   Thumb Code    42  ms5611.o(.text)
    NRF24L01_Init                            0x08008155   Thumb Code    28  nrf24l01.o(.text)
    NRF24L01_Read_Buf                        0x08008171   Thumb Code    70  nrf24l01.o(.text)
    NRF24L01_Write_Buf                       0x080081b7   Thumb Code    68  nrf24l01.o(.text)
    NRF24L01_Check                           0x080081fb   Thumb Code    62  nrf24l01.o(.text)
    NRF24L01_Write_Reg                       0x08008239   Thumb Code    66  nrf24l01.o(.text)
    NRF24L01_Read_Reg                        0x0800827b   Thumb Code    60  nrf24l01.o(.text)
    NRF24L01_TxPacket                        0x080082b7   Thumb Code   100  nrf24l01.o(.text)
    NRF24L01_RxPacket                        0x0800831b   Thumb Code    50  nrf24l01.o(.text)
    NRF24L01_RX_Mode                         0x0800834d   Thumb Code    90  nrf24l01.o(.text)
    NRF24L01_TX_Mode                         0x080083a7   Thumb Code   102  nrf24l01.o(.text)
    taskSystem                               0x08008429   Thumb Code    74  scheduler.o(.text)
    getTaskInfo                              0x08008473   Thumb Code    52  scheduler.o(.text)
    rescheduleTask                           0x080084a7   Thumb Code    42  scheduler.o(.text)
    setTaskEnabled                           0x080084d1   Thumb Code    98  scheduler.o(.text)
    getTaskDeltaTime                         0x08008533   Thumb Code    40  scheduler.o(.text)
    schedulerInit                            0x0800855b   Thumb Code    24  scheduler.o(.text)
    scheduler                                0x08008573   Thumb Code   328  scheduler.o(.text)
    ANO_DT_Send_Data                         0x08008769   Thumb Code     6  ano_dt.o(.text)
    ANO_DT_Send_PID                          0x0800876f   Thumb Code   322  ano_dt.o(.text)
    ANO_DT_Send_Power                        0x080088b1   Thumb Code    82  ano_dt.o(.text)
    ANO_DT_Send_MotoPWM                      0x08008903   Thumb Code   150  ano_dt.o(.text)
    ANO_DT_Send_RCData                       0x08008999   Thumb Code   174  ano_dt.o(.text)
    ANO_DT_Send_Senser                       0x08008a47   Thumb Code   206  ano_dt.o(.text)
    ANO_DT_Send_Status                       0x08008b15   Thumb Code   194  ano_dt.o(.text)
    ANO_DT_Send_Version                      0x08008bd7   Thumb Code   100  ano_dt.o(.text)
    ANO_DT_Send_User                         0x08008c3b   Thumb Code    74  ano_dt.o(.text)
    ANO_DT_Data_Exchange                     0x08008c85   Thumb Code   798  ano_dt.o(.text)
    ANO_DT_Data_Receive_Anl                  0x08009035   Thumb Code   772  ano_dt.o(.text)
    ANO_DT_Data_Receive_Prepare              0x08009339   Thumb Code   146  ano_dt.o(.text)
    SetHeadFree                              0x080094c5   Thumb Code    24  control.o(.text)
    CtrlAttiAng                              0x080094dd   Thumb Code   116  control.o(.text)
    CtrlAttiRate                             0x08009551   Thumb Code   236  control.o(.text)
    dbScaleLinear                            0x0800963d   Thumb Code    80  control.o(.text)
    CtrlMotor                                0x0800968d   Thumb Code   232  control.o(.text)
    configureScheduler                       0x080097b1   Thumb Code    82  fc_tasks.o(.text)
    LPF2pSetCutoffFreq_1                     0x08009805   Thumb Code   184  filter.o(.text)
    LPF2pApply_1                             0x080098bd   Thumb Code   118  filter.o(.text)
    LPF2pSetCutoffFreq_2                     0x08009933   Thumb Code   182  filter.o(.text)
    LPF2pApply_2                             0x080099e9   Thumb Code   116  filter.o(.text)
    LPF2pSetCutoffFreq_3                     0x08009a5d   Thumb Code   182  filter.o(.text)
    LPF2pApply_3                             0x08009b13   Thumb Code   116  filter.o(.text)
    LPF2pSetCutoffFreq_4                     0x08009b87   Thumb Code   202  filter.o(.text)
    LPF2pApply_4                             0x08009c51   Thumb Code   116  filter.o(.text)
    LPF2pSetCutoffFreq_5                     0x08009cc5   Thumb Code   184  filter.o(.text)
    LPF2pApply_5                             0x08009d7d   Thumb Code   118  filter.o(.text)
    LPF2pSetCutoffFreq_6                     0x08009df3   Thumb Code   184  filter.o(.text)
    LPF2pApply_6                             0x08009eab   Thumb Code   118  filter.o(.text)
    detectAcc                                0x08009f51   Thumb Code    48  hal_acc.o(.text)
    detectGyro                               0x08009fa1   Thumb Code    48  hal_gyro.o(.text)
    detectMag                                0x08009ff1   Thumb Code    48  hal_mag.o(.text)
    mag_calibration                          0x0800a021   Thumb Code   200  hal_mag.o(.text)
    motor_init                               0x0800a115   Thumb Code    20  hal_motor.o(.text)
    motor_out                                0x0800a129   Thumb Code    74  hal_motor.o(.text)
    rc_init                                  0x0800a17d   Thumb Code    26  hal_rc.o(.text)
    rc_match                                 0x0800a197   Thumb Code   110  hal_rc.o(.text)
    IMU_Calibrate                            0x0800a261   Thumb Code   224  imu.o(.text)
    ReadIMUSensorHandle                      0x0800abab   Thumb Code   208  imu.o(.text)
    IMUSO3Thread                             0x0800ac7b   Thumb Code   552  imu.o(.text)
    single_flash_500ms                       0x0800aeb1   Thumb Code    38  led.o(.text)
    double_flash                             0x0800aed7   Thumb Code    62  led.o(.text)
    init                                     0x0800af1d   Thumb Code   178  main.o(.text)
    Error_Handler                            0x0800afcf   Thumb Code     2  main.o(.text)
    SystemClock_Config                       0x0800b0bf   Thumb Code   122  main.o(.text)
    main                                     0x0800b139   Thumb Code   186  main.o(.text)
    sinf                                     0x0800b359   Thumb Code   164  maths.o(.text)
    cosf                                     0x0800b3fd   Thumb Code    14  maths.o(.text)
    atan2f                                   0x0800b40b   Thumb Code   204  maths.o(.text)
    acosf                                    0x0800b4d7   Thumb Code    88  maths.o(.text)
    applyDeadband                            0x0800b52f   Thumb Code    34  maths.o(.text)
    constrain                                0x0800b551   Thumb Code    16  maths.o(.text)
    constrainf                               0x0800b561   Thumb Code    36  maths.o(.text)
    devClear                                 0x0800b585   Thumb Code     6  maths.o(.text)
    devPush                                  0x0800b58b   Thumb Code    94  maths.o(.text)
    devVariance                              0x0800b5e9   Thumb Code    32  maths.o(.text)
    devStandardDeviation                     0x0800b609   Thumb Code    14  maths.o(.text)
    degreesToRadians                         0x0800b617   Thumb Code    16  maths.o(.text)
    scaleRange                               0x0800b627   Thumb Code    22  maths.o(.text)
    normalizeV                               0x0800b63d   Thumb Code    92  maths.o(.text)
    buildRotationMatrix                      0x0800b699   Thumb Code   304  maths.o(.text)
    rotateV                                  0x0800b7c9   Thumb Code   158  maths.o(.text)
    quickMedianFilter3                       0x0800b867   Thumb Code    64  maths.o(.text)
    quickMedianFilter5                       0x0800b8a7   Thumb Code   114  maths.o(.text)
    quickMedianFilter7                       0x0800b919   Thumb Code   186  maths.o(.text)
    quickMedianFilter9                       0x0800b9d3   Thumb Code   256  maths.o(.text)
    arraySubInt32                            0x0800bad3   Thumb Code    28  maths.o(.text)
    taskUsartDebug                           0x0800baf1   Thumb Code     4  schedule_tasks.o(.text)
    taskUpdateAttiAngle                      0x0800baf5   Thumb Code    74  schedule_tasks.o(.text)
    taskUpdateMAG                            0x0800bb3f   Thumb Code    96  schedule_tasks.o(.text)
    taskUpdateAttitude                       0x0800bb9f   Thumb Code   188  schedule_tasks.o(.text)
    taskUpdateBaro                           0x0800bc5b   Thumb Code    46  schedule_tasks.o(.text)
    taskUpdateRC                             0x0800bc89   Thumb Code   436  schedule_tasks.o(.text)
    taskBatteryMoniter                       0x0800be3d   Thumb Code    50  schedule_tasks.o(.text)
    taskLED                                  0x0800be6f   Thumb Code    42  schedule_tasks.o(.text)
    STMFLASH_Lock                            0x0800bee5   Thumb Code    12  stmflash.o(.text)
    STMFLASH_GetStatus                       0x0800bef1   Thumb Code    32  stmflash.o(.text)
    STMFLASH_WaitDone                        0x0800bf11   Thumb Code    36  stmflash.o(.text)
    STMFLASH_WriteHalfWord                   0x0800bf35   Thumb Code    48  stmflash.o(.text)
    STMFLASH_Write_NoCheck                   0x0800bf65   Thumb Code    38  stmflash.o(.text)
    STMFLASH_ErasePage                       0x0800bf8b   Thumb Code    58  stmflash.o(.text)
    STMFLASH_ReadHalfWord                    0x0800bfc5   Thumb Code     4  stmflash.o(.text)
    STMFLASH_Read                            0x0800bfc9   Thumb Code    24  stmflash.o(.text)
    STMFLASH_Unlock                          0x0800bfe1   Thumb Code    12  stmflash.o(.text)
    STMFLASH_Write                           0x0800bfed   Thumb Code   192  stmflash.o(.text)
    EE_WriteVariable                         0x0800c0ad   Thumb Code    18  stmflash.o(.text)
    EE_SAVE_PID                              0x0800c0bf   Thumb Code   380  stmflash.o(.text)
    Para_ResetToFactorySetup                 0x0800c23b   Thumb Code    84  stmflash.o(.text)
    EE_SAVE_RC_ADDR_AND_MATCHED              0x0800c28f   Thumb Code    20  stmflash.o(.text)
    EE_ReadVariable                          0x0800c2a3   Thumb Code    16  stmflash.o(.text)
    EE_READ_RC_ADDR_AND_MATCHED              0x0800c2b3   Thumb Code   130  stmflash.o(.text)
    Param_SavePID                            0x0800c335   Thumb Code     2  stmflash.o(.text)
    EE_SAVE_ACC_OFFSET                       0x0800c337   Thumb Code    70  stmflash.o(.text)
    EE_READ_ACC_OFFSET                       0x0800c37d   Thumb Code    84  stmflash.o(.text)
    EE_SAVE_GYRO_OFFSET                      0x0800c3d1   Thumb Code    70  stmflash.o(.text)
    EE_READ_GYRO_OFFSET                      0x0800c417   Thumb Code    84  stmflash.o(.text)
    EE_SAVE_MAG_OFFSET                       0x0800c46b   Thumb Code    34  stmflash.o(.text)
    EE_READ_MAG_OFFSET                       0x0800c48d   Thumb Code    36  stmflash.o(.text)
    EE_READ_PID                              0x0800c4b1   Thumb Code   510  stmflash.o(.text)
    Test_Write                               0x0800c6af   Thumb Code    12  stmflash.o(.text)
    HAL_MspInit                              0x0800c6e9   Thumb Code   134  stm32f1xx_hal_msp.o(.text)
    HAL_ADC_MspInit                          0x0800c76f   Thumb Code    66  stm32f1xx_hal_msp.o(.text)
    HAL_ADC_MspDeInit                        0x0800c7b1   Thumb Code    40  stm32f1xx_hal_msp.o(.text)
    HAL_SPI_MspInit                          0x0800c7d9   Thumb Code    96  stm32f1xx_hal_msp.o(.text)
    HAL_SPI_MspDeInit                        0x0800c839   Thumb Code    42  stm32f1xx_hal_msp.o(.text)
    HAL_TIM_Base_MspInit                     0x0800c863   Thumb Code    50  stm32f1xx_hal_msp.o(.text)
    HAL_TIM_MspPostInit                      0x0800c895   Thumb Code    30  stm32f1xx_hal_msp.o(.text)
    HAL_TIM_Base_MspDeInit                   0x0800c8b3   Thumb Code    26  stm32f1xx_hal_msp.o(.text)
    HAL_UART_MspInit                         0x0800c8cd   Thumb Code   158  stm32f1xx_hal_msp.o(.text)
    HAL_UART_MspDeInit                       0x0800c96b   Thumb Code    70  stm32f1xx_hal_msp.o(.text)
    NMI_Handler                              0x0800c9d1   Thumb Code     2  stm32f1xx_it.o(.text)
    HardFault_Handler                        0x0800c9d3   Thumb Code     2  stm32f1xx_it.o(.text)
    MemManage_Handler                        0x0800c9d5   Thumb Code     2  stm32f1xx_it.o(.text)
    BusFault_Handler                         0x0800c9d7   Thumb Code     2  stm32f1xx_it.o(.text)
    UsageFault_Handler                       0x0800c9d9   Thumb Code     2  stm32f1xx_it.o(.text)
    SVC_Handler                              0x0800c9db   Thumb Code     2  stm32f1xx_it.o(.text)
    DebugMon_Handler                         0x0800c9dd   Thumb Code     2  stm32f1xx_it.o(.text)
    PendSV_Handler                           0x0800c9df   Thumb Code     2  stm32f1xx_it.o(.text)
    PVD_IRQHandler                           0x0800c9e1   Thumb Code     4  stm32f1xx_it.o(.text)
    ADC1_2_IRQHandler                        0x0800c9e5   Thumb Code     6  stm32f1xx_it.o(.text)
    TIM2_IRQHandler                          0x0800c9eb   Thumb Code     6  stm32f1xx_it.o(.text)
    SPI2_IRQHandler                          0x0800c9f1   Thumb Code     6  stm32f1xx_it.o(.text)
    SystemInit                               0x0800ca05   Thumb Code    56  system_stm32f1xx.o(.text)
    SystemCoreClockUpdate                    0x0800ca3d   Thumb Code    84  system_stm32f1xx.o(.text)
    MY_NVIC_SetVectorTable                   0x0800cab1   Thumb Code    12  sys.o(.text)
    MY_NVIC_PriorityGroupConfig              0x0800cabd   Thumb Code    28  sys.o(.text)
    MY_NVIC_Init                             0x0800cad9   Thumb Code    92  sys.o(.text)
    Ex_NVIC_Config                           0x0800cb35   Thumb Code    84  sys.o(.text)
    MYRCC_DeInit                             0x0800cb89   Thumb Code    62  sys.o(.text)
    JTAG_Set                                 0x0800cbc7   Thumb Code    30  sys.o(.text)
    Stm32_Clock_Init                         0x0800cbe5   Thumb Code    98  sys.o(.text)
    USART1_IRQHandler                        0x0800cc6d   Thumb Code    22  usart.o(.text)
    USART3_IRQHandler                        0x0800cc83   Thumb Code    22  usart.o(.text)
    uart_init                                0x0800cc99   Thumb Code   170  usart.o(.text)
    SendData                                 0x0800cd43   Thumb Code    48  usart.o(.text)
    SendChar                                 0x0800cd73   Thumb Code    32  usart.o(.text)
    Receive                                  0x0800cd93   Thumb Code    36  usart.o(.text)
    SendDouble                               0x0800cdb7   Thumb Code    26  usart.o(.text)
    Send0x                                   0x0800cdd1   Thumb Code    22  usart.o(.text)
    SendInt                                  0x0800cde7   Thumb Code    22  usart.o(.text)
    _10xf                                    0x0800cdfd   Thumb Code    14  usart.o(.text)
    _n                                       0x0800ce0b   Thumb Code    28  usart.o(.text)
    delay_init                               0x0800ce55   Thumb Code    54  delay.o(.text)
    SysTick_Handler                          0x0800ce8b   Thumb Code    10  delay.o(.text)
    micros                                   0x0800ce95   Thumb Code    52  delay.o(.text)
    millis                                   0x0800cec9   Thumb Code     6  delay.o(.text)
    delay_us                                 0x0800cecf   Thumb Code    22  delay.o(.text)
    delay_ms                                 0x0800cee5   Thumb Code    22  delay.o(.text)
    Reset_Handler                            0x0800cf0d   Thumb Code     8  startup_stm32f103xb.o(.text)
    CAN1_RX1_IRQHandler                      0x0800cf27   Thumb Code     0  startup_stm32f103xb.o(.text)
    CAN1_SCE_IRQHandler                      0x0800cf27   Thumb Code     0  startup_stm32f103xb.o(.text)
    DMA1_Channel1_IRQHandler                 0x0800cf27   Thumb Code     0  startup_stm32f103xb.o(.text)
    DMA1_Channel2_IRQHandler                 0x0800cf27   Thumb Code     0  startup_stm32f103xb.o(.text)
    DMA1_Channel3_IRQHandler                 0x0800cf27   Thumb Code     0  startup_stm32f103xb.o(.text)
    DMA1_Channel4_IRQHandler                 0x0800cf27   Thumb Code     0  startup_stm32f103xb.o(.text)
    DMA1_Channel5_IRQHandler                 0x0800cf27   Thumb Code     0  startup_stm32f103xb.o(.text)
    DMA1_Channel6_IRQHandler                 0x0800cf27   Thumb Code     0  startup_stm32f103xb.o(.text)
    DMA1_Channel7_IRQHandler                 0x0800cf27   Thumb Code     0  startup_stm32f103xb.o(.text)
    EXTI0_IRQHandler                         0x0800cf27   Thumb Code     0  startup_stm32f103xb.o(.text)
    EXTI15_10_IRQHandler                     0x0800cf27   Thumb Code     0  startup_stm32f103xb.o(.text)
    EXTI1_IRQHandler                         0x0800cf27   Thumb Code     0  startup_stm32f103xb.o(.text)
    EXTI2_IRQHandler                         0x0800cf27   Thumb Code     0  startup_stm32f103xb.o(.text)
    EXTI3_IRQHandler                         0x0800cf27   Thumb Code     0  startup_stm32f103xb.o(.text)
    EXTI4_IRQHandler                         0x0800cf27   Thumb Code     0  startup_stm32f103xb.o(.text)
    EXTI9_5_IRQHandler                       0x0800cf27   Thumb Code     0  startup_stm32f103xb.o(.text)
    FLASH_IRQHandler                         0x0800cf27   Thumb Code     0  startup_stm32f103xb.o(.text)
    I2C1_ER_IRQHandler                       0x0800cf27   Thumb Code     0  startup_stm32f103xb.o(.text)
    I2C1_EV_IRQHandler                       0x0800cf27   Thumb Code     0  startup_stm32f103xb.o(.text)
    I2C2_ER_IRQHandler                       0x0800cf27   Thumb Code     0  startup_stm32f103xb.o(.text)
    I2C2_EV_IRQHandler                       0x0800cf27   Thumb Code     0  startup_stm32f103xb.o(.text)
    RCC_IRQHandler                           0x0800cf27   Thumb Code     0  startup_stm32f103xb.o(.text)
    RTC_Alarm_IRQHandler                     0x0800cf27   Thumb Code     0  startup_stm32f103xb.o(.text)
    RTC_IRQHandler                           0x0800cf27   Thumb Code     0  startup_stm32f103xb.o(.text)
    SPI1_IRQHandler                          0x0800cf27   Thumb Code     0  startup_stm32f103xb.o(.text)
    TAMPER_IRQHandler                        0x0800cf27   Thumb Code     0  startup_stm32f103xb.o(.text)
    TIM1_BRK_IRQHandler                      0x0800cf27   Thumb Code     0  startup_stm32f103xb.o(.text)
    TIM1_CC_IRQHandler                       0x0800cf27   Thumb Code     0  startup_stm32f103xb.o(.text)
    TIM1_TRG_COM_IRQHandler                  0x0800cf27   Thumb Code     0  startup_stm32f103xb.o(.text)
    TIM1_UP_IRQHandler                       0x0800cf27   Thumb Code     0  startup_stm32f103xb.o(.text)
    TIM3_IRQHandler                          0x0800cf27   Thumb Code     0  startup_stm32f103xb.o(.text)
    TIM4_IRQHandler                          0x0800cf27   Thumb Code     0  startup_stm32f103xb.o(.text)
    USART2_IRQHandler                        0x0800cf27   Thumb Code     0  startup_stm32f103xb.o(.text)
    USBWakeUp_IRQHandler                     0x0800cf27   Thumb Code     0  startup_stm32f103xb.o(.text)
    USB_HP_CAN1_TX_IRQHandler                0x0800cf27   Thumb Code     0  startup_stm32f103xb.o(.text)
    USB_LP_CAN1_RX0_IRQHandler               0x0800cf27   Thumb Code     0  startup_stm32f103xb.o(.text)
    WWDG_IRQHandler                          0x0800cf27   Thumb Code     0  startup_stm32f103xb.o(.text)
    __user_initial_stackheap                 0x0800cf29   Thumb Code     0  startup_stm32f103xb.o(.text)
    __aeabi_ldivmod                          0x0800cf4d   Thumb Code     0  llsdiv.o(.text)
    _ll_sdiv                                 0x0800cf4d   Thumb Code    72  llsdiv.o(.text)
    __2sprintf                               0x0800cf95   Thumb Code    34  noretval__2sprintf.o(.text)
    _printf_int_dec                          0x0800cfbd   Thumb Code   100  _printf_dec.o(.text)
    _printf_int_hex                          0x0800d031   Thumb Code    84  _printf_hex_int.o(.text)
    _printf_longlong_hex                     0x0800d031   Thumb Code     0  _printf_hex_int.o(.text)
    __printf                                 0x0800d089   Thumb Code   388  __printf_flags_ss_wp.o(.text)
    __aeabi_memcpy4                          0x0800d211   Thumb Code     0  rt_memcpy_w.o(.text)
    __aeabi_memcpy8                          0x0800d211   Thumb Code     0  rt_memcpy_w.o(.text)
    __rt_memcpy_w                            0x0800d211   Thumb Code   100  rt_memcpy_w.o(.text)
    _memcpy_lastbytes_aligned                0x0800d259   Thumb Code     0  rt_memcpy_w.o(.text)
    __aeabi_memmove4                         0x0800d275   Thumb Code     0  rt_memmove_w.o(.text)
    __aeabi_memmove8                         0x0800d275   Thumb Code     0  rt_memmove_w.o(.text)
    __rt_memmove_w                           0x0800d275   Thumb Code   122  rt_memmove_w.o(.text)
    __memmove_aligned                        0x0800d29b   Thumb Code     0  rt_memmove_w.o(.text)
    __memmove_lastfew_aligned                0x0800d2d3   Thumb Code     0  rt_memmove_w.o(.text)
    __aeabi_memclr4                          0x0800d2ef   Thumb Code     0  rt_memclr_w.o(.text)
    __aeabi_memclr8                          0x0800d2ef   Thumb Code     0  rt_memclr_w.o(.text)
    __rt_memclr_w                            0x0800d2ef   Thumb Code    78  rt_memclr_w.o(.text)
    _memset_w                                0x0800d2f3   Thumb Code     0  rt_memclr_w.o(.text)
    __use_two_region_memory                  0x0800d33d   Thumb Code     2  heapauxi.o(.text)
    __rt_heap_escrow$2region                 0x0800d33f   Thumb Code     2  heapauxi.o(.text)
    __rt_heap_expand$2region                 0x0800d341   Thumb Code     2  heapauxi.o(.text)
    __aeabi_uldivmod                         0x0800d343   Thumb Code     0  lludivv7m.o(.text)
    _ll_udiv                                 0x0800d343   Thumb Code   238  lludivv7m.o(.text)
    __read_errno                             0x0800d431   Thumb Code    10  _rserrno.o(.text)
    __set_errno                              0x0800d43b   Thumb Code    12  _rserrno.o(.text)
    _printf_int_common                       0x0800d447   Thumb Code   178  _printf_intcommon.o(.text)
    __lib_sel_fp_printf                      0x0800d4f9   Thumb Code     2  _printf_fp_dec.o(.text)
    _printf_fp_dec_real                      0x0800d6a7   Thumb Code   616  _printf_fp_dec.o(.text)
    _printf_char_common                      0x0800d91b   Thumb Code    32  _printf_char_common.o(.text)
    _sputc                                   0x0800d941   Thumb Code    10  _sputc.o(.text)
    __rt_locale                              0x0800d94d   Thumb Code     8  rt_locale_intlibspace.o(.text)
    __aeabi_errno_addr                       0x0800d955   Thumb Code     8  rt_errno_addr_intlibspace.o(.text)
    __errno$intlibspace                      0x0800d955   Thumb Code     0  rt_errno_addr_intlibspace.o(.text)
    __rt_errno_addr$intlibspace              0x0800d955   Thumb Code     0  rt_errno_addr_intlibspace.o(.text)
    _ll_udiv10                               0x0800d95d   Thumb Code   138  lludiv10.o(.text)
    _printf_fp_infnan                        0x0800d9e9   Thumb Code   112  _printf_fp_infnan.o(.text)
    _btod_etento                             0x0800da69   Thumb Code   212  bigflt0.o(.text)
    __user_libspace                          0x0800db41   Thumb Code     8  libspace.o(.text)
    __user_perproc_libspace                  0x0800db41   Thumb Code     0  libspace.o(.text)
    __user_perthread_libspace                0x0800db41   Thumb Code     0  libspace.o(.text)
    __user_setup_stackheap                   0x0800db49   Thumb Code    74  sys_stackheap_outer.o(.text)
    exit                                     0x0800db93   Thumb Code    12  exit.o(.text)
    strcmp                                   0x0800dba1   Thumb Code   128  strcmpv7m.o(.text)
    _sys_exit                                0x0800dc21   Thumb Code     8  sys_exit.o(.text)
    __I$use$semihosting                      0x0800dc2d   Thumb Code     0  use_no_semi.o(.text)
    __use_no_semihosting_swi                 0x0800dc2d   Thumb Code     2  use_no_semi.o(.text)
    __semihosting_library_function           0x0800dc2f   Thumb Code     0  indicate_semi.o(.text)
    _btod_d2e                                0x0800dc2f   Thumb Code    62  btod.o(CL$$btod_d2e)
    _d2e_denorm_low                          0x0800dc6d   Thumb Code    70  btod.o(CL$$btod_d2e_denorm_low)
    _d2e_norm_op1                            0x0800dcb3   Thumb Code    96  btod.o(CL$$btod_d2e_norm_op1)
    __btod_div_common                        0x0800dd13   Thumb Code   696  btod.o(CL$$btod_div_common)
    _e2e                                     0x0800e04b   Thumb Code   198  btod.o(CL$$btod_e2e)
    _btod_ediv                               0x0800e111   Thumb Code    40  btod.o(CL$$btod_ediv)
    _btod_emul                               0x0800e139   Thumb Code    40  btod.o(CL$$btod_emul)
    __btod_mult_common                       0x0800e161   Thumb Code   580  btod.o(CL$$btod_mult_common)
    __ARM_fpclassify                         0x0800e3a5   Thumb Code    40  fpclassify.o(i.__ARM_fpclassify)
    __ARM_fpclassifyf                        0x0800e3cd   Thumb Code    38  fpclassifyf.o(i.__ARM_fpclassifyf)
    __kernel_poly                            0x0800e3f3   Thumb Code   170  poly.o(i.__kernel_poly)
    __mathlib_dbl_underflow                  0x0800e49d   Thumb Code    10  dunder.o(i.__mathlib_dbl_underflow)
    __mathlib_flt_underflow                  0x0800e4ad   Thumb Code    10  funder.o(i.__mathlib_flt_underflow)
    __mathlib_rredf2                         0x0800e4b9   Thumb Code   326  rredf.o(i.__mathlib_rredf2)
    _is_digit                                0x0800e611   Thumb Code    14  __printf_wp.o(i._is_digit)
    asinf                                    0x0800e621   Thumb Code   260  asinf.o(i.asinf)
    atan                                     0x0800e749   Thumb Code   478  atan.o(i.atan)
    atan2                                    0x0800e96d   Thumb Code   346  atan2.o(i.atan2)
    pow                                      0x0800eaed   Thumb Code  2510  pow.o(i.pow)
    sqrt                                     0x0800f4cd   Thumb Code    76  sqrt.o(i.sqrt)
    sqrtf                                    0x0800f519   Thumb Code    44  sqrtf.o(i.sqrtf)
    tanf                                     0x0800f545   Thumb Code   320  tanf.o(i.tanf)
    _get_lc_numeric                          0x0800f6bd   Thumb Code    44  lc_numeric_c.o(locale$$code)
    __aeabi_d2f                              0x0800f6e9   Thumb Code     0  d2f.o(x$fpl$d2f)
    _d2f                                     0x0800f6e9   Thumb Code    98  d2f.o(x$fpl$d2f)
    __aeabi_dadd                             0x0800f74d   Thumb Code     0  daddsub_clz.o(x$fpl$dadd)
    _dadd                                    0x0800f74d   Thumb Code   332  daddsub_clz.o(x$fpl$dadd)
    __fpl_dcheck_NaN1                        0x0800f89d   Thumb Code    10  dcheck1.o(x$fpl$dcheck1)
    __fpl_dcmp_Inf                           0x0800f8ad   Thumb Code    24  dcmpi.o(x$fpl$dcmpinf)
    __aeabi_ddiv                             0x0800f8c5   Thumb Code     0  ddiv.o(x$fpl$ddiv)
    _ddiv                                    0x0800f8c5   Thumb Code   552  ddiv.o(x$fpl$ddiv)
    __aeabi_d2iz                             0x0800fb75   Thumb Code     0  dfix.o(x$fpl$dfix)
    _dfix                                    0x0800fb75   Thumb Code    94  dfix.o(x$fpl$dfix)
    __aeabi_i2d                              0x0800fbd3   Thumb Code     0  dflt_clz.o(x$fpl$dflt)
    _dflt                                    0x0800fbd3   Thumb Code    46  dflt_clz.o(x$fpl$dflt)
    __aeabi_ui2d                             0x0800fc01   Thumb Code     0  dflt_clz.o(x$fpl$dfltu)
    _dfltu                                   0x0800fc01   Thumb Code    38  dflt_clz.o(x$fpl$dfltu)
    __aeabi_cdcmple                          0x0800fc29   Thumb Code     0  dleqf.o(x$fpl$dleqf)
    _dcmple                                  0x0800fc29   Thumb Code   120  dleqf.o(x$fpl$dleqf)
    __fpl_dcmple_InfNaN                      0x0800fc8b   Thumb Code     0  dleqf.o(x$fpl$dleqf)
    __aeabi_dmul                             0x0800fca1   Thumb Code     0  dmul.o(x$fpl$dmul)
    _dmul                                    0x0800fca1   Thumb Code   332  dmul.o(x$fpl$dmul)
    __fpl_dnaninf                            0x0800fdf5   Thumb Code   156  dnaninf.o(x$fpl$dnaninf)
    __fpl_dretinf                            0x0800fe91   Thumb Code    12  dretinf.o(x$fpl$dretinf)
    __aeabi_cdrcmple                         0x0800fe9d   Thumb Code     0  drleqf.o(x$fpl$drleqf)
    _drcmple                                 0x0800fe9d   Thumb Code   108  drleqf.o(x$fpl$drleqf)
    __aeabi_drsub                            0x0800ff09   Thumb Code     0  daddsub_clz.o(x$fpl$drsb)
    _drsb                                    0x0800ff09   Thumb Code    22  daddsub_clz.o(x$fpl$drsb)
    _dsqrt                                   0x0800ff21   Thumb Code   456  dsqrt_noumaal.o(x$fpl$dsqrt)
    __aeabi_dsub                             0x080100ed   Thumb Code     0  daddsub_clz.o(x$fpl$dsub)
    _dsub                                    0x080100ed   Thumb Code   464  daddsub_clz.o(x$fpl$dsub)
    __aeabi_f2d                              0x080102c1   Thumb Code     0  f2d.o(x$fpl$f2d)
    _f2d                                     0x080102c1   Thumb Code    86  f2d.o(x$fpl$f2d)
    __aeabi_fadd                             0x08010319   Thumb Code     0  faddsub_clz.o(x$fpl$fadd)
    _fadd                                    0x08010319   Thumb Code   196  faddsub_clz.o(x$fpl$fadd)
    __fpl_fcheck_NaN1                        0x080103dd   Thumb Code     6  fcheck1.o(x$fpl$fcheck1)
    __fpl_fcmp_Inf                           0x080103e9   Thumb Code    24  fcmpi.o(x$fpl$fcmpinf)
    __aeabi_fdiv                             0x08010401   Thumb Code     0  fdiv.o(x$fpl$fdiv)
    _fdiv                                    0x08010401   Thumb Code   384  fdiv.o(x$fpl$fdiv)
    __aeabi_f2iz                             0x08010585   Thumb Code     0  ffix.o(x$fpl$ffix)
    _ffix                                    0x08010585   Thumb Code    54  ffix.o(x$fpl$ffix)
    __aeabi_f2uiz                            0x080105bd   Thumb Code     0  ffixu.o(x$fpl$ffixu)
    _ffixu                                   0x080105bd   Thumb Code    62  ffixu.o(x$fpl$ffixu)
    __aeabi_i2f                              0x080105fd   Thumb Code     0  fflt_clz.o(x$fpl$fflt)
    _fflt                                    0x080105fd   Thumb Code    48  fflt_clz.o(x$fpl$fflt)
    __aeabi_ul2f                             0x0801062d   Thumb Code     0  ffltll_clz.o(x$fpl$ffltll)
    _ll_uto_f                                0x0801062d   Thumb Code     6  ffltll_clz.o(x$fpl$ffltll)
    __aeabi_l2f                              0x08010633   Thumb Code     0  ffltll_clz.o(x$fpl$ffltll)
    _ll_sto_f                                0x08010633   Thumb Code    90  ffltll_clz.o(x$fpl$ffltll)
    __aeabi_ui2f                             0x0801068d   Thumb Code     0  fflt_clz.o(x$fpl$ffltu)
    _ffltu                                   0x0801068d   Thumb Code    38  fflt_clz.o(x$fpl$ffltu)
    __aeabi_cfcmple                          0x080106b5   Thumb Code     0  fleqf.o(x$fpl$fleqf)
    _fcmple                                  0x080106b5   Thumb Code   104  fleqf.o(x$fpl$fleqf)
    __fpl_fcmple_InfNaN                      0x08010707   Thumb Code     0  fleqf.o(x$fpl$fleqf)
    __aeabi_fmul                             0x0801071d   Thumb Code     0  fmul.o(x$fpl$fmul)
    _fmul                                    0x0801071d   Thumb Code   258  fmul.o(x$fpl$fmul)
    __fpl_fnaninf                            0x0801081f   Thumb Code   140  fnaninf.o(x$fpl$fnaninf)
    __fpl_fretinf                            0x080108ab   Thumb Code    10  fretinf.o(x$fpl$fretinf)
    __aeabi_cfrcmple                         0x080108b5   Thumb Code     0  frleqf.o(x$fpl$frleqf)
    _frcmple                                 0x080108b5   Thumb Code    98  frleqf.o(x$fpl$frleqf)
    _frnd                                    0x08010919   Thumb Code    96  frnd.o(x$fpl$frnd)
    __aeabi_frsub                            0x08010979   Thumb Code     0  faddsub_clz.o(x$fpl$frsb)
    _frsb                                    0x08010979   Thumb Code    20  faddsub_clz.o(x$fpl$frsb)
    _fsqrt                                   0x0801098d   Thumb Code   272  fsqrt.o(x$fpl$fsqrt)
    __aeabi_fsub                             0x08010a9d   Thumb Code     0  faddsub_clz.o(x$fpl$fsub)
    _fsub                                    0x08010a9d   Thumb Code   234  faddsub_clz.o(x$fpl$fsub)
    _printf_fp_dec                           0x08010b87   Thumb Code     4  printf1.o(x$fpl$printf1)
    __fpl_return_NaN                         0x08010b8b   Thumb Code   100  retnan.o(x$fpl$retnan)
    __ARM_scalbn                             0x08010bef   Thumb Code    92  scalbn.o(x$fpl$scalbn)
    __ARM_scalbnf                            0x08010c4b   Thumb Code    76  scalbnf.o(x$fpl$scalbnf)
    __fpl_cmpreturn                          0x08010c97   Thumb Code    48  trapv.o(x$fpl$trapveneer)
    __I$use$fp                               0x08010cc6   Number         0  usenofp.o(x$fpl$usenofp)
    taskQueueArraySize                       0x08010cc8   Data           4  fc_tasks.o(.constdata)
    taskCount                                0x08010ccc   Data           4  fc_tasks.o(.constdata)
    AHBPrescTable                            0x08010cf4   Data          16  system_stm32f1xx.o(.constdata)
    APBPrescTable                            0x08010d04   Data           8  system_stm32f1xx.o(.constdata)
    __mathlib_zero                           0x08010e68   Data           8  qnan.o(.constdata)
    Region$$Table$$Base                      0x08010f94   Number         0  anon$$obj.o(Region$$Table)
    Region$$Table$$Limit                     0x08010fb4   Number         0  anon$$obj.o(Region$$Table)
    uCRCErrorWorkaroundCheck                 0x20000004   Data           1  stm32f1xx_hal_spi_ex.o(.data)
    paOffsetInited                           0x20000019   Data           1  ms5611.o(.data)
    Baro_ALT_Updated                         0x2000001a   Data           1  ms5611.o(.data)
    paInitCnt                                0x2000001e   Data           2  ms5611.o(.data)
    tempCache                                0x20000034   Data           4  ms5611.o(.data)
    paOffsetNum                              0x20000038   Data           8  ms5611.o(.data)
    MS5611_Delay_us                          0x20000040   Data          36  ms5611.o(.data)
    TX_ADDRESS                               0x20000064   Data           5  nrf24l01.o(.data)
    RX_ADDRESS                               0x20000069   Data           5  nrf24l01.o(.data)
    averageSystemLoadPercent                 0x20000070   Data           2  scheduler.o(.data)
    currentTime                              0x2000007c   Data           4  scheduler.o(.data)
    motorLock                                0x2000009c   Data           1  control.o(.data)
    headFreeMode                             0x2000009d   Data           1  control.o(.data)
    altCtrlMode                              0x2000009e   Data           1  control.o(.data)
    d_temp                                   0x200000a0   Data           2  control.o(.data)
    rollSp                                   0x200000a4   Data           4  control.o(.data)
    pitchSp                                  0x200000a8   Data           4  control.o(.data)
    Thro                                     0x200000ac   Data           4  control.o(.data)
    Roll                                     0x200000b0   Data           4  control.o(.data)
    Pitch                                    0x200000b4   Data           4  control.o(.data)
    Yaw                                      0x200000b8   Data           4  control.o(.data)
    headHold                                 0x200000bc   Data           4  control.o(.data)
    Motor                                    0x200000c8   Data           8  control.o(.data)
    cfTasks                                  0x200000d0   Data         432  fc_tasks.o(.data)
    mag                                      0x20000350   Data           8  hal_mag.o(.data)
    rc_matched                               0x20000358   Data           1  hal_rc.o(.data)
    imu                                      0x200003b8   Data         200  imu.o(.data)
    led                                      0x20000482   Data           2  led.o(.data)
    dd_temp                                  0x2000048a   Data           2  schedule_tasks.o(.data)
    VirtAddVarTab                            0x200004cc   Data         112  stmflash.o(.data)
    SystemCoreClock                          0x2000053c   Data           4  system_stm32f1xx.o(.data)
    USART_RX_STA                             0x20000540   Data           2  usart.o(.data)
    mpu6050_buffer                           0x2000054c   Data          14  mpu6050.o(.bss)
    str0                                     0x200005e0   Data          30  ano_dt.o(.bss)
    str1                                     0x200005fe   Data          30  ano_dt.o(.bss)
    str2                                     0x2000061c   Data          30  ano_dt.o(.bss)
    str3                                     0x2000063a   Data          30  ano_dt.o(.bss)
    str4                                     0x20000658   Data          30  ano_dt.o(.bss)
    str5                                     0x20000676   Data          30  ano_dt.o(.bss)
    str6                                     0x20000694   Data          30  ano_dt.o(.bss)
    str7                                     0x200006b2   Data          30  ano_dt.o(.bss)
    str8                                     0x200006d0   Data          30  ano_dt.o(.bss)
    str9                                     0x200006ee   Data          30  ano_dt.o(.bss)
    f                                        0x2000073e   Data          14  ano_dt.o(.bss)
    data_to_send                             0x2000074c   Data          50  ano_dt.o(.bss)
    pitch_angle_PID                          0x20000780   Data          48  control.o(.bss)
    pitch_rate_PID                           0x200007b0   Data          48  control.o(.bss)
    roll_angle_PID                           0x200007e0   Data          48  control.o(.bss)
    roll_rate_PID                            0x20000810   Data          48  control.o(.bss)
    yaw_rate_PID                             0x20000840   Data          48  control.o(.bss)
    yaw_angle_PID                            0x20000870   Data          48  control.o(.bss)
    taskQueueArray                           0x200008a0   Data          40  fc_tasks.o(.bss)
    acc                                      0x200008c8   Data          12  hal_acc.o(.bss)
    baro                                     0x200008d4   Data          20  hal_baro.o(.bss)
    gyro                                     0x200008e8   Data          20  hal_gyro.o(.bss)
    motor                                    0x200008fc   Data          16  hal_motor.o(.bss)
    rc                                       0x2000090c   Data          52  hal_rc.o(.bss)
    hadc1                                    0x20000964   Data          48  main.o(.bss)
    hspi2                                    0x20000994   Data          88  main.o(.bss)
    htim2                                    0x200009ec   Data          60  main.o(.bss)
    huart1                                   0x20000a28   Data          64  main.o(.bss)
    huart3                                   0x20000a68   Data          64  main.o(.bss)
    battery                                  0x20000aa8   Data          12  schedule_tasks.o(.bss)
    STMFLASH_BUF                             0x20000ab4   Data        1024  stmflash.o(.bss)
    USART_RX_BUF                             0x20000eb4   Data         200  usart.o(.bss)
    __libspace_start                         0x20000f7c   Data          96  libspace.o(.bss)
    __temporary_stack_top$libspace           0x20000fdc   Data           0  libspace.o(.bss)



==============================================================================

Memory Map of the image

  Image Entry point : 0x080000ed

  Load Region LR_IROM1 (Base: 0x08000000, Size: 0x0001151c, Max: 0x00020000, ABSOLUTE, COMPRESSED[0x000110e0])

    Execution Region ER_IROM1 (Base: 0x08000000, Size: 0x00010fd0, Max: 0x00020000, ABSOLUTE)

    Base Addr    Size         Type   Attr      Idx    E Section Name        Object

    0x08000000   0x000000ec   Data   RO         1481    RESET               startup_stm32f103xb.o
    0x080000ec   0x00000008   Code   RO         1553  * !!!main             c_w.l(__main.o)
    0x080000f4   0x00000034   Code   RO         1949    !!!scatter          c_w.l(__scatter.o)
    0x08000128   0x0000005a   Code   RO         1947    !!dczerorl2         c_w.l(__dczerorl2.o)
    0x08000182   0x00000002   PAD
    0x08000184   0x0000001c   Code   RO         1951    !!handler_zi        c_w.l(__scatter_zi.o)
    0x080001a0   0x00000000   Code   RO         1544    .ARM.Collect$$_printf_percent$$00000000  c_w.l(_printf_percent.o)
    0x080001a0   0x00000006   Code   RO         1543    .ARM.Collect$$_printf_percent$$00000003  c_w.l(_printf_f.o)
    0x080001a6   0x00000006   Code   RO         1542    .ARM.Collect$$_printf_percent$$00000009  c_w.l(_printf_d.o)
    0x080001ac   0x00000006   Code   RO         1541    .ARM.Collect$$_printf_percent$$0000000C  c_w.l(_printf_x.o)
    0x080001b2   0x00000004   Code   RO         1680    .ARM.Collect$$_printf_percent$$00000017  c_w.l(_printf_percent_end.o)
    0x080001b6   0x00000002   Code   RO         1817    .ARM.Collect$$libinit$$00000000  c_w.l(libinit.o)
    0x080001b8   0x00000000   Code   RO         1819    .ARM.Collect$$libinit$$00000002  c_w.l(libinit2.o)
    0x080001b8   0x00000000   Code   RO         1822    .ARM.Collect$$libinit$$00000008  c_w.l(libinit2.o)
    0x080001b8   0x00000000   Code   RO         1824    .ARM.Collect$$libinit$$0000000A  c_w.l(libinit2.o)
    0x080001b8   0x00000000   Code   RO         1826    .ARM.Collect$$libinit$$0000000C  c_w.l(libinit2.o)
    0x080001b8   0x00000006   Code   RO         1827    .ARM.Collect$$libinit$$0000000D  c_w.l(libinit2.o)
    0x080001be   0x00000000   Code   RO         1829    .ARM.Collect$$libinit$$0000000F  c_w.l(libinit2.o)
    0x080001be   0x00000000   Code   RO         1831    .ARM.Collect$$libinit$$00000011  c_w.l(libinit2.o)
    0x080001be   0x00000000   Code   RO         1833    .ARM.Collect$$libinit$$00000013  c_w.l(libinit2.o)
    0x080001be   0x0000000a   Code   RO         1834    .ARM.Collect$$libinit$$00000014  c_w.l(libinit2.o)
    0x080001c8   0x00000000   Code   RO         1835    .ARM.Collect$$libinit$$00000015  c_w.l(libinit2.o)
    0x080001c8   0x00000000   Code   RO         1837    .ARM.Collect$$libinit$$00000017  c_w.l(libinit2.o)
    0x080001c8   0x00000000   Code   RO         1839    .ARM.Collect$$libinit$$00000019  c_w.l(libinit2.o)
    0x080001c8   0x00000000   Code   RO         1841    .ARM.Collect$$libinit$$0000001B  c_w.l(libinit2.o)
    0x080001c8   0x00000000   Code   RO         1843    .ARM.Collect$$libinit$$0000001D  c_w.l(libinit2.o)
    0x080001c8   0x00000000   Code   RO         1845    .ARM.Collect$$libinit$$0000001F  c_w.l(libinit2.o)
    0x080001c8   0x00000000   Code   RO         1847    .ARM.Collect$$libinit$$00000021  c_w.l(libinit2.o)
    0x080001c8   0x00000000   Code   RO         1849    .ARM.Collect$$libinit$$00000023  c_w.l(libinit2.o)
    0x080001c8   0x00000000   Code   RO         1853    .ARM.Collect$$libinit$$0000002A  c_w.l(libinit2.o)
    0x080001c8   0x00000000   Code   RO         1855    .ARM.Collect$$libinit$$0000002C  c_w.l(libinit2.o)
    0x080001c8   0x00000000   Code   RO         1857    .ARM.Collect$$libinit$$0000002E  c_w.l(libinit2.o)
    0x080001c8   0x00000000   Code   RO         1859    .ARM.Collect$$libinit$$00000030  c_w.l(libinit2.o)
    0x080001c8   0x00000002   Code   RO         1860    .ARM.Collect$$libinit$$00000031  c_w.l(libinit2.o)
    0x080001ca   0x00000002   Code   RO         1906    .ARM.Collect$$libshutdown$$00000000  c_w.l(libshutdown.o)
    0x080001cc   0x00000000   Code   RO         1918    .ARM.Collect$$libshutdown$$00000003  c_w.l(libshutdown2.o)
    0x080001cc   0x00000000   Code   RO         1921    .ARM.Collect$$libshutdown$$00000006  c_w.l(libshutdown2.o)
    0x080001cc   0x00000000   Code   RO         1924    .ARM.Collect$$libshutdown$$00000009  c_w.l(libshutdown2.o)
    0x080001cc   0x00000000   Code   RO         1926    .ARM.Collect$$libshutdown$$0000000B  c_w.l(libshutdown2.o)
    0x080001cc   0x00000000   Code   RO         1929    .ARM.Collect$$libshutdown$$0000000E  c_w.l(libshutdown2.o)
    0x080001cc   0x00000002   Code   RO         1930    .ARM.Collect$$libshutdown$$0000000F  c_w.l(libshutdown2.o)
    0x080001ce   0x00000000   Code   RO         1667    .ARM.Collect$$rtentry$$00000000  c_w.l(rtentry.o)
    0x080001ce   0x00000000   Code   RO         1731    .ARM.Collect$$rtentry$$00000002  c_w.l(rtentry2.o)
    0x080001ce   0x00000006   Code   RO         1743    .ARM.Collect$$rtentry$$00000004  c_w.l(rtentry4.o)
    0x080001d4   0x00000000   Code   RO         1733    .ARM.Collect$$rtentry$$00000009  c_w.l(rtentry2.o)
    0x080001d4   0x00000004   Code   RO         1734    .ARM.Collect$$rtentry$$0000000A  c_w.l(rtentry2.o)
    0x080001d8   0x00000000   Code   RO         1736    .ARM.Collect$$rtentry$$0000000C  c_w.l(rtentry2.o)
    0x080001d8   0x00000008   Code   RO         1737    .ARM.Collect$$rtentry$$0000000D  c_w.l(rtentry2.o)
    0x080001e0   0x00000002   Code   RO         1863    .ARM.Collect$$rtexit$$00000000  c_w.l(rtexit.o)
    0x080001e2   0x00000000   Code   RO         1874    .ARM.Collect$$rtexit$$00000002  c_w.l(rtexit2.o)
    0x080001e2   0x00000004   Code   RO         1875    .ARM.Collect$$rtexit$$00000003  c_w.l(rtexit2.o)
    0x080001e6   0x00000006   Code   RO         1876    .ARM.Collect$$rtexit$$00000004  c_w.l(rtexit2.o)
    0x080001ec   0x00000124   Code   RO            4    .text               stm32f1xx_hal.o
    0x08000310   0x00000ac4   Code   RO          126    .text               stm32f1xx_hal_adc.o
    0x08000dd4   0x00000808   Code   RO          150    .text               stm32f1xx_hal_adc_ex.o
    0x080015dc   0x000001dc   Code   RO          174    .text               stm32f1xx_hal_cortex.o
    0x080017b8   0x00000704   Code   RO          202    .text               stm32f1xx_hal_dma.o
    0x08001ebc   0x000002e8   Code   RO          278    .text               stm32f1xx_hal_gpio.o
    0x080021a4   0x000001d8   Code   RO          326    .text               stm32f1xx_hal_pwr.o
    0x0800237c   0x0000096c   Code   RO          350    .text               stm32f1xx_hal_rcc.o
    0x08002ce8   0x0000023c   Code   RO          375    .text               stm32f1xx_hal_rcc_ex.o
    0x08002f24   0x0000118a   Code   RO          399    .text               stm32f1xx_hal_spi.o
    0x080040ae   0x00000002   PAD
    0x080040b0   0x0000008c   Code   RO          423    .text               stm32f1xx_hal_spi_ex.o
    0x0800413c   0x00001d70   Code   RO          450    .text               stm32f1xx_hal_tim.o
    0x08005eac   0x00000a62   Code   RO          475    .text               stm32f1xx_hal_tim_ex.o
    0x0800690e   0x00000002   PAD
    0x08006910   0x00000bae   Code   RO          499    .text               stm32f1xx_hal_uart.o
    0x080074be   0x00000002   PAD
    0x080074c0   0x000001d8   Code   RO          523    .text               hmc5883l.o
    0x08007698   0x00000354   Code   RO          596    .text               i2.o
    0x080079ec   0x00000318   Code   RO          620    .text               mpu6050.o
    0x08007d04   0x00000450   Code   RO          658    .text               ms5611.o
    0x08008154   0x000002d4   Code   RO          690    .text               nrf24l01.o
    0x08008428   0x00000340   Code   RO          721    .text               scheduler.o
    0x08008768   0x00000c98   Code   RO          765    .text               ano_dt.o
    0x08009400   0x000003b0   Code   RO          819    .text               control.o
    0x080097b0   0x00000052   Code   RO          880    .text               fc_tasks.o
    0x08009802   0x00000002   PAD
    0x08009804   0x0000074c   Code   RO          905    .text               filter.o
    0x08009f50   0x00000050   Code   RO          929    .text               hal_acc.o
    0x08009fa0   0x00000050   Code   RO          985    .text               hal_gyro.o
    0x08009ff0   0x00000124   Code   RO         1016    .text               hal_mag.o
    0x0800a114   0x00000068   Code   RO         1054    .text               hal_motor.o
    0x0800a17c   0x000000a8   Code   RO         1085    .text               hal_rc.o
    0x0800a224   0x00000c8c   Code   RO         1117    .text               imu.o
    0x0800aeb0   0x0000006c   Code   RO         1153    .text               led.o
    0x0800af1c   0x0000043a   Code   RO         1183    .text               main.o
    0x0800b356   0x00000002   PAD
    0x0800b358   0x00000796   Code   RO         1221    .text               maths.o
    0x0800baee   0x00000002   PAD
    0x0800baf0   0x000003f4   Code   RO         1237    .text               schedule_tasks.o
    0x0800bee4   0x00000804   Code   RO         1284    .text               stmflash.o
    0x0800c6e8   0x000002e8   Code   RO         1313    .text               stm32f1xx_hal_msp.o
    0x0800c9d0   0x00000034   Code   RO         1337    .text               stm32f1xx_it.o
    0x0800ca04   0x000000ac   Code   RO         1362    .text               system_stm32f1xx.o
    0x0800cab0   0x000001bc   Code   RO         1394    .text               sys.o
    0x0800cc6c   0x000001e8   Code   RO         1419    .text               usart.o
    0x0800ce54   0x000000b8   Code   RO         1451    .text               delay.o
    0x0800cf0c   0x00000040   Code   RO         1482    .text               startup_stm32f103xb.o
    0x0800cf4c   0x00000048   Code   RO         1490    .text               c_w.l(llsdiv.o)
    0x0800cf94   0x00000028   Code   RO         1494    .text               c_w.l(noretval__2sprintf.o)
    0x0800cfbc   0x00000074   Code   RO         1498    .text               c_w.l(_printf_dec.o)
    0x0800d030   0x00000058   Code   RO         1503    .text               c_w.l(_printf_hex_int.o)
    0x0800d088   0x00000188   Code   RO         1538    .text               c_w.l(__printf_flags_ss_wp.o)
    0x0800d210   0x00000064   Code   RO         1545    .text               c_w.l(rt_memcpy_w.o)
    0x0800d274   0x0000007a   Code   RO         1547    .text               c_w.l(rt_memmove_w.o)
    0x0800d2ee   0x0000004e   Code   RO         1549    .text               c_w.l(rt_memclr_w.o)
    0x0800d33c   0x00000006   Code   RO         1551    .text               c_w.l(heapauxi.o)
    0x0800d342   0x000000ee   Code   RO         1668    .text               c_w.l(lludivv7m.o)
    0x0800d430   0x00000016   Code   RO         1670    .text               c_w.l(_rserrno.o)
    0x0800d446   0x000000b2   Code   RO         1672    .text               c_w.l(_printf_intcommon.o)
    0x0800d4f8   0x00000416   Code   RO         1674    .text               c_w.l(_printf_fp_dec.o)
    0x0800d90e   0x00000002   PAD
    0x0800d910   0x00000030   Code   RO         1676    .text               c_w.l(_printf_char_common.o)
    0x0800d940   0x0000000a   Code   RO         1678    .text               c_w.l(_sputc.o)
    0x0800d94a   0x00000002   PAD
    0x0800d94c   0x00000008   Code   RO         1752    .text               c_w.l(rt_locale_intlibspace.o)
    0x0800d954   0x00000008   Code   RO         1757    .text               c_w.l(rt_errno_addr_intlibspace.o)
    0x0800d95c   0x0000008a   Code   RO         1759    .text               c_w.l(lludiv10.o)
    0x0800d9e6   0x00000002   PAD
    0x0800d9e8   0x00000080   Code   RO         1761    .text               c_w.l(_printf_fp_infnan.o)
    0x0800da68   0x000000d8   Code   RO         1765    .text               c_w.l(bigflt0.o)
    0x0800db40   0x00000008   Code   RO         1801    .text               c_w.l(libspace.o)
    0x0800db48   0x0000004a   Code   RO         1804    .text               c_w.l(sys_stackheap_outer.o)
    0x0800db92   0x0000000c   Code   RO         1808    .text               c_w.l(exit.o)
    0x0800db9e   0x00000002   PAD
    0x0800dba0   0x00000080   Code   RO         1810    .text               c_w.l(strcmpv7m.o)
    0x0800dc20   0x0000000c   Code   RO         1892    .text               c_w.l(sys_exit.o)
    0x0800dc2c   0x00000002   Code   RO         1909    .text               c_w.l(use_no_semi.o)
    0x0800dc2e   0x00000000   Code   RO         1911    .text               c_w.l(indicate_semi.o)
    0x0800dc2e   0x0000003e   Code   RO         1768    CL$$btod_d2e        c_w.l(btod.o)
    0x0800dc6c   0x00000046   Code   RO         1770    CL$$btod_d2e_denorm_low  c_w.l(btod.o)
    0x0800dcb2   0x00000060   Code   RO         1769    CL$$btod_d2e_norm_op1  c_w.l(btod.o)
    0x0800dd12   0x00000338   Code   RO         1778    CL$$btod_div_common  c_w.l(btod.o)
    0x0800e04a   0x000000c6   Code   RO         1775    CL$$btod_e2e        c_w.l(btod.o)
    0x0800e110   0x00000028   Code   RO         1772    CL$$btod_ediv       c_w.l(btod.o)
    0x0800e138   0x00000028   Code   RO         1771    CL$$btod_emul       c_w.l(btod.o)
    0x0800e160   0x00000244   Code   RO         1777    CL$$btod_mult_common  c_w.l(btod.o)
    0x0800e3a4   0x00000028   Code   RO         1718    i.__ARM_fpclassify  m_ws.l(fpclassify.o)
    0x0800e3cc   0x00000026   Code   RO         1720    i.__ARM_fpclassifyf  m_ws.l(fpclassifyf.o)
    0x0800e3f2   0x000000aa   Code   RO         1724    i.__kernel_poly     m_ws.l(poly.o)
    0x0800e49c   0x00000010   Code   RO         1716    i.__mathlib_dbl_underflow  m_ws.l(dunder.o)
    0x0800e4ac   0x0000000a   Code   RO         1722    i.__mathlib_flt_underflow  m_ws.l(funder.o)
    0x0800e4b6   0x00000002   PAD
    0x0800e4b8   0x00000158   Code   RO         1727    i.__mathlib_rredf2  m_ws.l(rredf.o)
    0x0800e610   0x0000000e   Code   RO         1531    i._is_digit         c_w.l(__printf_wp.o)
    0x0800e61e   0x00000002   PAD
    0x0800e620   0x00000128   Code   RO         1618    i.asinf             m_ws.l(asinf.o)
    0x0800e748   0x00000224   Code   RO         1707    i.atan              m_ws.l(atan.o)
    0x0800e96c   0x00000180   Code   RO         1626    i.atan2             m_ws.l(atan2.o)
    0x0800eaec   0x000009e0   Code   RO         1634    i.pow               m_ws.l(pow.o)
    0x0800f4cc   0x0000004c   Code   RO         1644    i.sqrt              m_ws.l(sqrt.o)
    0x0800f518   0x0000002c   Code   RO         1652    i.sqrtf             m_ws.l(sqrtf.o)
    0x0800f544   0x00000178   Code   RO         1660    i.tanf              m_ws.l(tanf.o)
    0x0800f6bc   0x0000002c   Code   RO         1791    locale$$code        c_w.l(lc_numeric_c.o)
    0x0800f6e8   0x00000062   Code   RO         1555    x$fpl$d2f           fz_ws.l(d2f.o)
    0x0800f74a   0x00000002   PAD
    0x0800f74c   0x00000150   Code   RO         1557    x$fpl$dadd          fz_ws.l(daddsub_clz.o)
    0x0800f89c   0x00000010   Code   RO         1793    x$fpl$dcheck1       fz_ws.l(dcheck1.o)
    0x0800f8ac   0x00000018   Code   RO         1795    x$fpl$dcmpinf       fz_ws.l(dcmpi.o)
    0x0800f8c4   0x000002b0   Code   RO         1564    x$fpl$ddiv          fz_ws.l(ddiv.o)
    0x0800fb74   0x0000005e   Code   RO         1567    x$fpl$dfix          fz_ws.l(dfix.o)
    0x0800fbd2   0x0000002e   Code   RO         1572    x$fpl$dflt          fz_ws.l(dflt_clz.o)
    0x0800fc00   0x00000026   Code   RO         1571    x$fpl$dfltu         fz_ws.l(dflt_clz.o)
    0x0800fc26   0x00000002   PAD
    0x0800fc28   0x00000078   Code   RO         1681    x$fpl$dleqf         fz_ws.l(dleqf.o)
    0x0800fca0   0x00000154   Code   RO         1577    x$fpl$dmul          fz_ws.l(dmul.o)
    0x0800fdf4   0x0000009c   Code   RO         1683    x$fpl$dnaninf       fz_ws.l(dnaninf.o)
    0x0800fe90   0x0000000c   Code   RO         1685    x$fpl$dretinf       fz_ws.l(dretinf.o)
    0x0800fe9c   0x0000006c   Code   RO         1687    x$fpl$drleqf        fz_ws.l(drleqf.o)
    0x0800ff08   0x00000016   Code   RO         1558    x$fpl$drsb          fz_ws.l(daddsub_clz.o)
    0x0800ff1e   0x00000002   PAD
    0x0800ff20   0x000001cc   Code   RO         1689    x$fpl$dsqrt         fz_ws.l(dsqrt_noumaal.o)
    0x080100ec   0x000001d4   Code   RO         1559    x$fpl$dsub          fz_ws.l(daddsub_clz.o)
    0x080102c0   0x00000056   Code   RO         1579    x$fpl$f2d           fz_ws.l(f2d.o)
    0x08010316   0x00000002   PAD
    0x08010318   0x000000c4   Code   RO         1581    x$fpl$fadd          fz_ws.l(faddsub_clz.o)
    0x080103dc   0x0000000c   Code   RO         1691    x$fpl$fcheck1       fz_ws.l(fcheck1.o)
    0x080103e8   0x00000018   Code   RO         1693    x$fpl$fcmpinf       fz_ws.l(fcmpi.o)
    0x08010400   0x00000184   Code   RO         1588    x$fpl$fdiv          fz_ws.l(fdiv.o)
    0x08010584   0x00000036   Code   RO         1591    x$fpl$ffix          fz_ws.l(ffix.o)
    0x080105ba   0x00000002   PAD
    0x080105bc   0x0000003e   Code   RO         1595    x$fpl$ffixu         fz_ws.l(ffixu.o)
    0x080105fa   0x00000002   PAD
    0x080105fc   0x00000030   Code   RO         1600    x$fpl$fflt          fz_ws.l(fflt_clz.o)
    0x0801062c   0x00000060   Code   RO         1605    x$fpl$ffltll        fz_ws.l(ffltll_clz.o)
    0x0801068c   0x00000026   Code   RO         1599    x$fpl$ffltu         fz_ws.l(fflt_clz.o)
    0x080106b2   0x00000002   PAD
    0x080106b4   0x00000068   Code   RO         1607    x$fpl$fleqf         fz_ws.l(fleqf.o)
    0x0801071c   0x00000102   Code   RO         1609    x$fpl$fmul          fz_ws.l(fmul.o)
    0x0801081e   0x0000008c   Code   RO         1695    x$fpl$fnaninf       fz_ws.l(fnaninf.o)
    0x080108aa   0x0000000a   Code   RO         1697    x$fpl$fretinf       fz_ws.l(fretinf.o)
    0x080108b4   0x00000062   Code   RO         1611    x$fpl$frleqf        fz_ws.l(frleqf.o)
    0x08010916   0x00000002   PAD
    0x08010918   0x00000060   Code   RO         1699    x$fpl$frnd          fz_ws.l(frnd.o)
    0x08010978   0x00000014   Code   RO         1582    x$fpl$frsb          fz_ws.l(faddsub_clz.o)
    0x0801098c   0x00000110   Code   RO         1701    x$fpl$fsqrt         fz_ws.l(fsqrt.o)
    0x08010a9c   0x000000ea   Code   RO         1583    x$fpl$fsub          fz_ws.l(faddsub_clz.o)
    0x08010b86   0x00000004   Code   RO         1613    x$fpl$printf1       fz_ws.l(printf1.o)
    0x08010b8a   0x00000064   Code   RO         1799    x$fpl$retnan        fz_ws.l(retnan.o)
    0x08010bee   0x0000005c   Code   RO         1703    x$fpl$scalbn        fz_ws.l(scalbn.o)
    0x08010c4a   0x0000004c   Code   RO         1615    x$fpl$scalbnf       fz_ws.l(scalbnf.o)
    0x08010c96   0x00000030   Code   RO         1861    x$fpl$trapveneer    fz_ws.l(trapv.o)
    0x08010cc6   0x00000000   Code   RO         1705    x$fpl$usenofp       fz_ws.l(usenofp.o)
    0x08010cc6   0x00000002   PAD
    0x08010cc8   0x00000004   Data   RO          882    .constdata          fc_tasks.o
    0x08010ccc   0x00000004   Data   RO          883    .constdata          fc_tasks.o
    0x08010cd0   0x00000024   Data   RO         1119    .constdata          imu.o
    0x08010cf4   0x00000010   Data   RO         1363    .constdata          system_stm32f1xx.o
    0x08010d04   0x00000008   Data   RO         1364    .constdata          system_stm32f1xx.o
    0x08010d0c   0x00000028   Data   RO         1504    .constdata          c_w.l(_printf_hex_int.o)
    0x08010d34   0x00000011   Data   RO         1539    .constdata          c_w.l(__printf_flags_ss_wp.o)
    0x08010d45   0x00000003   PAD
    0x08010d48   0x00000088   Data   RO         1635    .constdata          m_ws.l(pow.o)
    0x08010dd0   0x00000098   Data   RO         1708    .constdata          m_ws.l(atan.o)
    0x08010e68   0x00000008   Data   RO         1726    .constdata          m_ws.l(qnan.o)
    0x08010e70   0x00000020   Data   RO         1728    .constdata          m_ws.l(rredf.o)
    0x08010e90   0x00000094   Data   RO         1766    .constdata          c_w.l(bigflt0.o)
    0x08010f24   0x00000070   Data   RO          884    .conststring        fc_tasks.o
    0x08010f94   0x00000020   Data   RO         1945    Region$$Table       anon$$obj.o
    0x08010fb4   0x0000001c   Data   RO         1790    locale$$data        c_w.l(lc_numeric_c.o)


    Execution Region RW_IRAM1 (Base: 0x20000000, Size: 0x000015e0, Max: 0x00005000, ABSOLUTE, COMPRESSED[0x00000110])

    Base Addr    Size         Type   Attr      Idx    E Section Name        Object

    0x20000000   0x00000004   Data   RW            5    .data               stm32f1xx_hal.o
    0x20000004   0x00000001   Data   RW          424    .data               stm32f1xx_hal_spi_ex.o
    0x20000005   0x00000003   PAD
    0x20000008   0x0000000c   Data   RW          524    .data               hmc5883l.o
    0x20000014   0x00000004   PAD
    0x20000018   0x0000004c   Data   RW          660    .data               ms5611.o
    0x20000064   0x0000000a   Data   RW          691    .data               nrf24l01.o
    0x2000006e   0x00000002   PAD
    0x20000070   0x00000020   Data   RW          722    .data               scheduler.o
    0x20000090   0x0000000a   Data   RW          767    .data               ano_dt.o
    0x2000009a   0x00000002   PAD
    0x2000009c   0x00000034   Data   RW          829    .data               control.o
    0x200000d0   0x000001b0   Data   RW          885    .data               fc_tasks.o
    0x20000280   0x000000c0   Data   RW          906    .data               filter.o
    0x20000340   0x00000018   Data   RW         1017    .data               hal_mag.o
    0x20000358   0x0000000c   Data   RW         1087    .data               hal_rc.o
    0x20000364   0x0000011c   Data   RW         1120    .data               imu.o
    0x20000480   0x00000004   Data   RW         1154    .data               led.o
    0x20000484   0x00000048   Data   RW         1240    .data               schedule_tasks.o
    0x200004cc   0x00000070   Data   RW         1286    .data               stmflash.o
    0x2000053c   0x00000004   Data   RW         1365    .data               system_stm32f1xx.o
    0x20000540   0x00000002   Data   RW         1421    .data               usart.o
    0x20000542   0x00000002   PAD
    0x20000544   0x00000008   Data   RW         1452    .data               delay.o
    0x2000054c   0x0000000e   Zero   RW          621    .bss                mpu6050.o
    0x2000055a   0x00000002   PAD
    0x2000055c   0x00000084   Zero   RW          659    .bss                ms5611.o
    0x200005e0   0x0000019e   Zero   RW          766    .bss                ano_dt.o
    0x2000077e   0x00000002   PAD
    0x20000780   0x000000f0   Zero   RW          820    .bss                control.o
    0x20000870   0x00000030   Zero   RW          821    .bss                control.o
    0x200008a0   0x00000028   Zero   RW          881    .bss                fc_tasks.o
    0x200008c8   0x0000000c   Zero   RW          930    .bss                hal_acc.o
    0x200008d4   0x00000014   Zero   RW          960    .bss                hal_baro.o
    0x200008e8   0x00000014   Zero   RW          986    .bss                hal_gyro.o
    0x200008fc   0x00000010   Zero   RW         1055    .bss                hal_motor.o
    0x2000090c   0x00000034   Zero   RW         1086    .bss                hal_rc.o
    0x20000940   0x00000024   Zero   RW         1118    .bss                imu.o
    0x20000964   0x00000144   Zero   RW         1184    .bss                main.o
    0x20000aa8   0x0000000c   Zero   RW         1238    .bss                schedule_tasks.o
    0x20000ab4   0x00000400   Zero   RW         1285    .bss                stmflash.o
    0x20000eb4   0x000000c8   Zero   RW         1420    .bss                usart.o
    0x20000f7c   0x00000060   Zero   RW         1802    .bss                c_w.l(libspace.o)
    0x20000fdc   0x00000004   PAD
    0x20000fe0   0x00000200   Zero   RW         1480    HEAP                startup_stm32f103xb.o
    0x200011e0   0x00000400   Zero   RW         1479    STACK               startup_stm32f103xb.o


==============================================================================

Image component sizes


      Code (inc. data)   RO Data    RW Data    ZI Data      Debug   Object Name

      3224        158          0         10        414       8317   ano_dt.o
       944         60          0         52        288       4839   control.o
       184         18          0          8          0      24034   delay.o
        82          0        120        432         40       2602   fc_tasks.o
      1868         36          0        192          0       9285   filter.o
        80         32          0          0         12       2102   hal_acc.o
         0          0          0          0         20       1658   hal_baro.o
        80         32          0          0         20       2107   hal_gyro.o
       292         44          0         24          0       2594   hal_mag.o
       104         10          0          0         16       2345   hal_motor.o
       168         32          0         12         52       2325   hal_rc.o
       472         18          0         12          0       7293   hmc5883l.o
       852         10          0          0          0       3582   i2.o
      3212         80         36        284         36       5857   imu.o
       108          8          0          4          0        800   led.o
      1082         76          0          0        324       3680   main.o
      1942         90          0          0          0       7485   maths.o
       792         24          0          0         14       4951   mpu6050.o
      1104         52          0         76        132       4889   ms5611.o
       724         28          0         10          0       3291   nrf24l01.o
      1012         82          0         72         12       4720   schedule_tasks.o
       832         20          0         32          0     375413   scheduler.o
        64         26        236          0       1536        872   startup_stm32f103xb.o
       292         26          0          4          0     486115   stm32f1xx_hal.o
      2756         68          0          0          0       8158   stm32f1xx_hal_adc.o
      2056         56          0          0          0       6082   stm32f1xx_hal_adc_ex.o
       476         10          0          0          0      26402   stm32f1xx_hal_cortex.o
      1796         12          0          0          0       4168   stm32f1xx_hal_dma.o
       744         34          0          0          0       3739   stm32f1xx_hal_gpio.o
       744         32          0          0          0       2970   stm32f1xx_hal_msp.o
       472         20          0          0          0       4171   stm32f1xx_hal_pwr.o
      2412         82          0          0          0       5253   stm32f1xx_hal_rcc.o
       572         40          0          0          0       2124   stm32f1xx_hal_rcc_ex.o
      4490         40          0          0          0      11408   stm32f1xx_hal_spi.o
       140          4          0          1          0       1446   stm32f1xx_hal_spi_ex.o
      7536         68          0          0          0      26568   stm32f1xx_hal_tim.o
      2658         22          0          0          0       9764   stm32f1xx_hal_tim_ex.o
      2990         26          0          0          0      10531   stm32f1xx_hal_uart.o
        52         14          0          0          0       1515   stm32f1xx_it.o
      2052        148          0        112       1024       7131   stmflash.o
       444         38          0          0          0       1990   sys.o
       172         32         24          4          0       1397   system_stm32f1xx.o
       488         46          0          2        200       2951   usart.o

    ----------------------------------------------------------------------
     52576       1754        448       1356       4144    1108924   Object Totals
         0          0         32          0          0          0   (incl. Generated)
        12          0          0         13          4          0   (incl. Padding)

    ----------------------------------------------------------------------

      Code (inc. data)   RO Data    RW Data    ZI Data      Debug   Library Member Name

        90          0          0          0          0          0   __dczerorl2.o
         8          0          0          0          0         68   __main.o
       392          4         17          0          0         92   __printf_flags_ss_wp.o
        14          0          0          0          0         68   __printf_wp.o
        52          8          0          0          0          0   __scatter.o
        28          0          0          0          0          0   __scatter_zi.o
        48          6          0          0          0         96   _printf_char_common.o
         6          0          0          0          0          0   _printf_d.o
       116         16          0          0          0         92   _printf_dec.o
         6          0          0          0          0          0   _printf_f.o
      1046          0          0          0          0        216   _printf_fp_dec.o
       128         16          0          0          0         84   _printf_fp_infnan.o
        88          4         40          0          0         88   _printf_hex_int.o
       178          0          0          0          0         88   _printf_intcommon.o
         0          0          0          0          0          0   _printf_percent.o
         4          0          0          0          0          0   _printf_percent_end.o
         6          0          0          0          0          0   _printf_x.o
        22          0          0          0          0        100   _rserrno.o
        10          0          0          0          0         68   _sputc.o
       216          4        148          0          0         96   bigflt0.o
      1910        128          0          0          0        672   btod.o
        12          0          0          0          0         72   exit.o
         6          0          0          0          0        152   heapauxi.o
         0          0          0          0          0          0   indicate_semi.o
        44         10         28          0          0         76   lc_numeric_c.o
         2          0          0          0          0          0   libinit.o
        18          0          0          0          0          0   libinit2.o
         2          0          0          0          0          0   libshutdown.o
         2          0          0          0          0          0   libshutdown2.o
         8          4          0          0         96         68   libspace.o
        72          0          0          0          0         76   llsdiv.o
       138          0          0          0          0         80   lludiv10.o
       238          0          0          0          0        100   lludivv7m.o
        40          6          0          0          0         84   noretval__2sprintf.o
         8          4          0          0          0         68   rt_errno_addr_intlibspace.o
         8          4          0          0          0         68   rt_locale_intlibspace.o
        78          0          0          0          0         80   rt_memclr_w.o
       100          0          0          0          0         80   rt_memcpy_w.o
       122          0          0          0          0         80   rt_memmove_w.o
         0          0          0          0          0          0   rtentry.o
        12          0          0          0          0          0   rtentry2.o
         6          0          0          0          0          0   rtentry4.o
         2          0          0          0          0          0   rtexit.o
        10          0          0          0          0          0   rtexit2.o
       128          0          0          0          0         68   strcmpv7m.o
        12          4          0          0          0         68   sys_exit.o
        74          0          0          0          0         80   sys_stackheap_outer.o
         2          0          0          0          0         68   use_no_semi.o
        98          4          0          0          0         92   d2f.o
       826         16          0          0          0        348   daddsub_clz.o
        16          4          0          0          0         68   dcheck1.o
        24          0          0          0          0         68   dcmpi.o
       688        140          0          0          0        208   ddiv.o
        94          4          0          0          0         92   dfix.o
        84          0          0          0          0        136   dflt_clz.o
       120          4          0          0          0         92   dleqf.o
       340         12          0          0          0        104   dmul.o
       156          4          0          0          0         92   dnaninf.o
        12          0          0          0          0         68   dretinf.o
       108          0          0          0          0         80   drleqf.o
       460         56          0          0          0        120   dsqrt_noumaal.o
        86          4          0          0          0         84   f2d.o
       450          8          0          0          0        236   faddsub_clz.o
        12          4          0          0          0         68   fcheck1.o
        24          0          0          0          0         68   fcmpi.o
       388         76          0          0          0         96   fdiv.o
        54          4          0          0          0         84   ffix.o
        62          4          0          0          0         84   ffixu.o
        86          0          0          0          0        136   fflt_clz.o
        96          0          0          0          0         84   ffltll_clz.o
       104          4          0          0          0         84   fleqf.o
       258          4          0          0          0         84   fmul.o
       140          4          0          0          0         84   fnaninf.o
        10          0          0          0          0         68   fretinf.o
        98          0          0          0          0         68   frleqf.o
        96          4          0          0          0         76   frnd.o
       272        100          0          0          0         88   fsqrt.o
         4          0          0          0          0         68   printf1.o
       100          0          0          0          0         68   retnan.o
        92          0          0          0          0         68   scalbn.o
        76          0          0          0          0         68   scalbnf.o
        48          0          0          0          0         68   trapv.o
         0          0          0          0          0          0   usenofp.o
       296         36          0          0          0        120   asinf.o
       548         70        152          0          0        124   atan.o
       384         38          0          0          0        144   atan2.o
        16          6          0          0          0         68   dunder.o
        40          0          0          0          0         68   fpclassify.o
        38          0          0          0          0         68   fpclassifyf.o
        10          0          0          0          0         68   funder.o
       170          0          0          0          0         96   poly.o
      2528        190        136          0          0        332   pow.o
         0          0          8          0          0          0   qnan.o
       344         18         32          0          0         88   rredf.o
        76          0          0          0          0         84   sqrt.o
        44          0          0          0          0         80   sqrtf.o
       376         56          0          0          0        124   tanf.o

    ----------------------------------------------------------------------
     15996       1092        564          0        100       8060   Library Totals
        32          0          3          0          4          0   (incl. Padding)

    ----------------------------------------------------------------------

      Code (inc. data)   RO Data    RW Data    ZI Data      Debug   Library Name

      5512        218        233          0         96       3196   c_w.l
      5582        460          0          0          0       3400   fz_ws.l
      4870        414        328          0          0       1464   m_ws.l

    ----------------------------------------------------------------------
     15996       1092        564          0        100       8060   Library Totals

    ----------------------------------------------------------------------

==============================================================================


      Code (inc. data)   RO Data    RW Data    ZI Data      Debug   

     68572       2846       1012       1356       4244    1107724   Grand Totals
     68572       2846       1012        272       4244    1107724   ELF Image Totals (compressed)
     68572       2846       1012        272          0          0   ROM Totals

==============================================================================

    Total RO  Size (Code + RO Data)                69584 (  67.95kB)
    Total RW  Size (RW Data + ZI Data)              5600 (   5.47kB)
    Total ROM Size (Code + RO Data + RW Data)      69856 (  68.22kB)

==============================================================================

